       
         
   
 
Google, Inc. 
Serial Graphics Adapter 12/29/13 
SGABIOS $Id: sgabios.S 8 2010-04-22 00:03:40Z nlaredo $ (mockbuild@) Sun Dec 29 03:43:06 UTC 2013 
4 0 
   
  
  
 S     
e     
a     
B     
I     
O     
S     
      
(      
v      
e      
r      
s      
i      
o      
n      
       
s      
e      
a      
b      
i      
o      
s      
-      
1      
.      
7      
.      
2      
.      
2      
-      
1      
2      
.      
e      
l      
7      
_      
0      
.      
1      
)      
  
 
M
     
a
     
c
     
h
     
i
     
n
     
e
     
 
     
U
      
U
      
I
      
D
      
 
      
e
      
c
      
c
      
1
      
5
      
7
      
0
      
e
      
-
      
4
      
c
      
f
      
4
      
-
      
4
      
9
      
e
      
7
      
-
      
b
      
3
      
e
      
0
      
-
      
6
      
f
      
b
      
6
      
7
      
a
      
b
      
a
      
8
      
6
      
d
      
f
      
  

      

      
      

      
      
i     
P     
X     
E     
      
(     
h     
t     
t      
p      
:      
/      
/      
i      
p      
x      
e      
.      
o      
r      
g      
)      
       
0      
0      
:      
0      
3      
.      
0      
       
C      
A      
0      
0      
       
P      
C      
I      
2      
.      
1      
0      
       
P      
n      
P      
       
P      
M      
M      
+      
B      
F      
F      
C      
9      
1      
1      
0      
+      
B      
F      
F      
2      
9      
1      
1      
0      
       
C      
A      
0      
0      

      
       
P     
r     
e     
s     
s     
      
C     
t     
r      
l      
-      
B      
       
t      
o      
       
c      
o      
n      
f      
i      
g      
u      
r      
e      
       
i      
P      
X      
E      
       
(      
P      
C      
I      
       
0      
0      
:      
0      
3      
.      
0      
)      
.      
.      
.      
       
      
      
      
      
      
      
      
      
       
       
       
       
       
       
       
       
       
       
       
       
       
       
       
       
       
       
       
       
       
       
       
       
       
       
       
       
       
       
       
       
       
       
       
       
       
       
       
       
       
       
       
       
       
       
       
       
       
       
       
       
       
       
       
       
       
       
       
       
       
       
       
       
       
       
       
       
       
       
       
       

      
      

      
      

      
      
B     
o     
o     
t     
i     
n     
g     
      
f      
r      
o      
m      
       
R      
O      
M      
.      
.      
.      
       

       
i      
P      
X      
E      
       
(      
P      
C      
I       
        
0       
0       
:       
0       
3       
.       
0       
)       
        
s       
t       
a       
r       
t       
i       
n       
g       
        
e       
x       
e       
c       
u       
t       
i       
o       
n       
.       
.       
.       
o       
k       

       
        
i      
P      
X      
E      
       
i      
n      
i      
t       
i       
a       
l       
i       
s       
i       
n       
g       
        
d       
e       
v       
i       
c       
e       
s       
.       
.       
.       
o       
k       
        

       
       

       
       

       
       

         
       
i  
       
i         
      
P  
      
P         
      
X  
      
X         
      
E  
      
E         
      
   
      
          
      
1  
      
1         
      
.  
      
.         
      
0  
      
0         
      
.  
      
.         
       
0  
       
0         
       
+  
       
+         
       
   
       
          
       
(  
       
(         
       
c  
       
c         
       
4  
       
4         
       
b  
       
b         
       
c  
       
c         
       
e  
       
e         
       
4  
       
4         
       
3  
       
3         
       
)  
       
)       
        
-       
-       
        
O       
p       
e       
n       
        
S       
o       
u       
r       
c       
e       
        
N       
e       
t       
w       
o       
r       
k       
        
B       
o       
o       
t       
        
F       
i       
r       
m       
w       
a       
r       
e       
        
-       
-       
           
       
h  
       
h          
       
t  
       
t          
       
t  
       
t          
       
p  
       
p          
       
:  
       
:          
       
/  
       
/          
       
/  
       
/          
       
i  
       
i          
       
p  
       
p          
       
x  
       
x          
       
e  
       
e          
       
.  
       
.          
       
o  
       
o          
       
r  
       
r          
       
g  
       
g       
        

       
F      
e      
a      
t      
u      
r      
e      
s      
:       
        
i       
S       
C       
S       
I       
        
H       
T       
T       
P       
        
D       
N       
S       
        
T       
F       
T       
P       
        
A       
o       
E       
        
b       
z       
I       
m       
a       
g       
e       
        
E       
L       
F       
        
M       
B       
O       
O       
T       
        
P       
X       
E       
        
M       
e       
n       
u       
        
P       
X       
E       
X       
T       
        

       
       

       
P      
r      
e      
s      
s      
       
C      
t      
r       
l       
-       
B       
        
f       
o       
r       
        
t       
h       
e       
        
i       
P       
X       
E       
        
c       
o       
m       
m       
a       
n       
d       
        
l       
i       
n       
e       
.       
.       
.       
        
        
        
        
        
        
        
        
        
        
        
        
        
        
        
        
        
        
        
        
        
        
        
        
        
        
        
        
        
        
        
        
        
        
        
        
        
        
        
        
        
        
        
        
        
        
        
        
        
        
        
        
        
        
        
        
        
        
        
        
        
        
        
        
        
        
        
        
        
        
        
        
        
        
        
        
        
        
        
        
        
        
        
        
        
        
        
        
        
        
        
        
        
        
        
        
       
        
       
       
       
       
       
       
       
       
       
       
       
       
       
       
       
       
       
       
       
       
       
       
        
       
        
n      
e      
t      
0      
:      
       
d      
a      
:       
3       
6       
:       
d       
0       
:       
6       
e       
:       
5       
0       
:       
2       
a       
        
u       
s       
i       
n       
g       
        
v       
i       
r       
t       
i       
o       
-       
n       
e       
t       
        
o       
n       
        
P       
C       
I       
0       
0       
:       
0       
3       
.       
0       
        
(       
o       
p       
e       
n       
)       
        

       
       
       
[      
L      
i      
n      
k      
:      
u       
p       
,       
        
T       
X       
:       
0       
        
T       
X       
E       
:       
0       
        
R       
X       
:       
0       
        
R       
X       
E       
:       
0       
]       
        

       
D      
H      
C      
P      
       
(      
n      
e      
t       
0       
        
d       
a       
:       
3       
6       
:       
d       
0       
:       
6       
e       
:       
5       
0       
:       
2       
a       
)       
.       
.       
.       
.       
.       
.       
        
o       
k       
        

       
n      
e      
t      
0      
:      
       
1      
0      
.       
3       
4       
.       
8       
8       
.       
4       
2       
/       
2       
5       
5       
.       
2       
5       
5       
.       
2       
5       
5       
.       
0       
        
g       
w       
        
1       
0       
.       
3       
4       
.       
8       
8       
.       
2       
5       
4       
        

       
N      
e      
x      
t      
       
s      
e      
r      
v       
e       
r       
:       
        
1       
0       
.       
3       
4       
.       
3       
2       
.       
5       
        

       
F      
i      
l      
e      
n      
a      
m      
e      
:       
        
p       
x       
e       
l       
i       
n       
u       
x       
.       
0       
        

       
t      
f      
t      
p      
:      
/      
/      
1      
0       
.       
3       
4       
.       
3       
2       
.       
5       
/       
p       
x       
e       
l       
i       
n       
u       
x       
.       
0       
.       
.       
.       
.       
        
o       
k       
        

 [1S       
P      
X      
E      
L      
I      
N      
U      
X      
        
3       
.       
6       
1       
        
2       
0       
0       
8       
-       
0       
2       
-       
0       
3       
        
        
C       
o       
p       
y       
r       
i       
g       
h       
t       
        
(       
C       
)       
        
1       
9       
9       
4       
-       
2       
0       
0       
8       
        
H       
.       
        
P       
e       
t       
e       
r       
        
A       
n       
v       
i       
n [1S       
U      
N      
D      
I      
       
d      
a      
t      
a       
        
s       
e       
g       
m       
e       
n       
t       
        
a       
t       
:       
        
        
        
0       
0       
0       
9       
C       
B       
2       
0 [1S       
U      
N      
D      
I      
       
d      
a      
t      
a       
        
s       
e       
g       
m       
e       
n       
t       
        
s       
i       
z       
e       
:       
        
2       
C       
D       
8 [1S       
U      
N      
D      
I      
       
c      
o      
d      
e       
        
s       
e       
g       
m       
e       
n       
t       
        
a       
t       
:       
        
        
        
0       
0       
0       
9       
C       
3       
B       
0 [1S       
U      
N      
D      
I      
       
c      
o      
d      
e       
        
s       
e       
g       
m       
e       
n       
t       
        
s       
i       
z       
e       
:       
        
0       
7       
6       
C [1S       
P      
X      
E      
       
e      
n      
t      
r      
y       
        
p       
o       
i       
n       
t       
        
f       
o       
u       
n       
d       
        
(       
w       
e       
        
h       
o       
p       
e       
)       
        
a       
t       
        
9       
C       
3       
B       
:       
0       
3       
1       
3 [1S       
M      
y      
       
I      
P      
       
a      
d      
d       
r       
e       
s       
s       
        
s       
e       
e       
m       
s       
        
t       
o       
        
b       
e       
        
0       
A       
2       
2       
5       
8       
2       
A       
        
1       
0       
.       
3       
4       
.       
8       
8       
.       
4       
2 [1S       
i      
p      
=      
1      
0      
.      
3      
4      
.       
8       
8       
.       
4       
2       
:       
1       
0       
.       
3       
4       
.       
3       
2       
.       
5       
:       
1       
0       
.       
3       
4       
.       
8       
8       
.       
2       
5       
4       
:       
2       
5       
5       
.       
2       
5       
5       
.       
2       
5       
5       
.       
0 [1S       
T      
F      
T      
P      
       
p      
r      
e      
f       
i       
x       
:       
  [1S       
T      
r      
y      
i      
n      
g      
       
t      
o       
        
l       
o       
a       
d       
:       
        
p       
x       
e       
l       
i       
n       
u       
x       
.       
c       
f       
g       
/       
0       
e       
5       
7       
c       
1       
e       
c       
-       
f       
4       
4       
c       
-       
e       
7       
4       
9       
-       
b       
3       
e       
0       
-       
6       
f       
b       
6       
7       
a       
b       
a       
8       
6       
d       
f [1S       
T      
r      
y      
i      
n      
g      
       
t      
o       
        
l       
o       
a       
d       
:       
        
p       
x       
e       
l       
i       
n       
u       
x       
.       
c       
f       
g       
/       
0       
1       
-       
d       
a       
-       
3       
6       
-       
d       
0       
-       
6       
e       
-       
5       
0       
-       
2       
a [1S       
T      
r      
y      
i      
n      
g      
       
t      
o       
        
l       
o       
a       
d       
:       
        
p       
x       
e       
l       
i       
n       
u       
x       
.       
c       
f       
g       
/       
0       
A       
2       
2       
5       
8       
2       
A [1S       
L      
o      
a      
d      
i      
n      
g      
       
/       
i       
m       
a       
g       
e       
s       
/       
s       
h       
e       
e       
p       
-       
4       
2       
.       
l       
a       
b       
.       
e       
n       
g       
.       
b       
r       
q       
.       
r       
e       
d       
h       
a       
t       
.       
c       
o       
m       
/       
k       
e       
r       
n       
e       
l       
.       
.       
.       
.       
.       
.       
.       
.       
.       
.       
.       
.       
.       
.       
.       
.       
.       
.       
.       
.       
.       
.       
.       
.       
.       
. [1S       
.      
.      
.      
.      
.      
.      
.      
.      
.       
.       
.       
.       
.       
.       
.       
.       
.       
.       
.       
.       
.       
.       
.       
.       
.       
.       
.       
.       
.       
.       
.       
.       
.       
.       
.       
.       
.       
.       
.       
.       
. [1S       
L      
o      
a      
d      
i      
n      
g      
       
/       
i       
m       
a       
g       
e       
s       
/       
s       
h       
e       
e       
p       
-       
4       
2       
.       
l       
a       
b       
.       
e       
n       
g       
.       
b       
r       
q       
.       
r       
e       
d       
h       
a       
t       
.       
c       
o       
m       
/       
i       
n       
i       
t       
r       
d       
.       
.       
.       
.       
.       
.       
.       
.       
.       
.       
.       
.       
.       
.       
.       
.       
.       
.       
.       
.       
.       
.       
.       
.       
.       
. [1S       
.      
.      
.      
.      
.      
.      
.      
.      
.       
.       
.       
.       
.       
.       
.       
.       
.       
.       
.       
.       
.       
.       
.       
.       
.       
.       
.       
.       
.       
.       
.       
.       
.       
.       
.       
.       
.       
.       
.       
.       
.       
.       
.       
.       
.       
.       
.       
.       
.       
.       
.       
.       
.       
.       
.       
.       
.       
.       
.       
.       
.       
.       
.       
.       
.       
.       
.       
.       
.       
.       
.       
.       
.       
.       
.       
.       
.       
.       
.       
. [1S       
.      
.      
.      
.      
.      
.      
.      
.      
.       
.       
.       
.       
.       
.       
.       
.       
.       
.       
.       
.       
.       
.       
.       
.       
.       
.       
.       
.       
.       
.       
.       
.       
.       
.       
.       
.       
.       
.       
.       
.       
.       
.       
.       
.       
.       
.       
.       
.       
.       
.       
.       
.       
.       
.       
.       
.       
.       
.       
.       
.       
.       
.       
.       
.       
.       
.       
.       
.       
.       
.       
.       
.       
.       
.       
.       
.       
.       
.       
.       
. [1S       
.      
.      
.      
.      
.      
.      
.      
.      
.       
.       
.       
.       
.       
.       
.       
.       
.       
.       
.       
.       
.       
.       
.       
.       
.       
.       
.       
.       
.       
.       
.       
.       
.       
.       
.       
.       
.       
.       
.       
.       
.       
.       
.       
.       
.       
.       
.       
.       
.       
.       
.       
.       
.       
.       
.       
.       
.       
.       
.       
.       
.       
.       
.       
.       
.       
.       
.       
.       
.       
.       
.       
.       
.       
.       
.       
.       
.       
.       
.       
. [1S       
.      
.      
.      
.      
.      
.      
.      
.      
.       
.       
.       
.       
.       
.       
.       
.       
.       
.       
.       
.       
.       
.       
.       
.       
.       
.       
.       
.       
.       
.       
.       
.       
.       
.       
.       
.       
.       
.       
.       
.       
.       
.       
.       
.       
.       
.       
.       
.       
.       
.       
.       
.       
.       
.       
.       
.       
.       
.       
.       
.       
.       
.       
.       
.       
.       
.       
.       
.       
.       
.       
.       
.       
.       
.       
.       
.       
.       
.       
.       
. [1S       
.      
.      
.      
.      
.      
.      
.      
.      
.       
.       
.       
.       
.       
.       
.       
.       
.       
.       
.       
.       
.       
.       
.       
.       
.       
.       
.       
.       
.       
.       
.       
.       
.       
.       
.       
.       
.       
.       
.       
.       
.       
.       
.       
.       
.       
.       
.       
.       
.       
.       
.       
.       
.       
.       
.       
.       
.       
.       
.       
.       
.       
.       
.       
.       
.       
.       
.       
.       
.       
.       
.       
.       
.       
.       
.       
.       
.       
.       
.       
. [1S       
.      
.      
.      
.      
.      
.      
.      
.      
.       
.       
.       
.       
.       
.       
.       
.       
.       
.       
.       
.       
.       
.       
.       
.       
.       
.       
.       
.       
.       
.       
.       
.       
.       
.       
.       
.       
.       
.       
.       
.       
.       
.       
.       
.       
.       
.       
.       
.       
.       
.       
.       
.       
.       
.       
.       
.       
.       
.       
.       
.       
.       
.       
.       
.       
.       
.       
.       
.       
.       
.       
.       
.       
.       
.       
.       
.       
.       
.       
.       
. [1S       
.      
.      
.      
.      
.      
.      
.      
.      
.       
.       
.       
.       
.       
.       
.       
.       
.       
.       
.       
.       
.       
.       
.       
.       
.       
.       
.       
.       
r       
e       
a       
d       
y       
. [1S       
P      
r      
o      
b      
i      
n      
g      
       
E       
D       
D       
        
(       
e       
d       
d       
=       
o       
f       
f       
        
t       
o       
        
d       
i       
s       
a       
b       
l       
e       
)       
.       
.       
.       
        
o       
k       
        

Initializing cgroup subsys cpuset 
Initializing cgroup subsys cpu 
Linux version 2.6.32-504.el6.x86_64 (mockbuild@machine.example.com) (gcc version 4.4.7 20120313 (Red Hat 4.4.7-11) (GCC) ) #1 SMP Tue Sep 16 01:56:35 EDT 2014 
Command line: initrd=/images/machine.example.com/initrd console=tty0 console=ttyS0 elevator=noop ks=http://beaker.example.com/kickstart/1289961 ksdevice=bootif netboot_method=pxe BOOT_IMAGE=/images/machine.example.com/kernel BOOTIF=01-da-36-d0-6e-50-2a  
KERNEL supported cpus: 
  Intel GenuineIntel 
  AMD AuthenticAMD 
  Centaur CentaurHauls 
BIOS-provided physical RAM map: 
 BIOS-e820: 0000000000000000 - 000000000009fc00 (usable) 
 BIOS-e820: 000000000009fc00 - 00000000000a0000 (reserved) 
 BIOS-e820: 00000000000f0000 - 0000000000100000 (reserved) 
 BIOS-e820: 0000000000100000 - 00000000bfffe000 (usable) 
 BIOS-e820: 00000000bfffe000 - 00000000c0000000 (reserved) 
 BIOS-e820: 00000000feffc000 - 00000000ff000000 (reserved) 
 BIOS-e820: 00000000fffc0000 - 0000000100000000 (reserved) 
DMI 2.4 present. 
SMBIOS version 2.4 @ 0xFDF10 
Hypervisor detected: KVM 
last_pfn = 0xbfffe max_arch_pfn = 0x400000000 
x86 PAT enabled: cpu 0, old 0x70406, new 0x7010600070106 
Using GB pages for direct mapping 
init_memory_mapping: 0000000000000000-00000000bfffe000 
RAMDISK: 7decb000 - 7ffff59a 
ACPI: RSDP 00000000000fdd90 00014 (v00 BOCHS ) 
ACPI: RSDT 00000000bffffa9b 00034 (v01 BOCHS  BXPCRSDT 00000001 BXPC 00000001) 
ACPI: FACP 00000000bffff177 00074 (v01 BOCHS  BXPCFACP 00000001 BXPC 00000001) 
ACPI: DSDT 00000000bfffe040 01137 (v01   BXPC   BXDSDT 00000001 INTL 20130823) 
ACPI: FACS 00000000bfffe000 00040 
ACPI: SSDT 00000000bffff1eb 00838 (v01 BOCHS  BXPCSSDT 00000001 BXPC 00000001) 
ACPI: APIC 00000000bffffa23 00078 (v01 BOCHS  BXPCAPIC 00000001 BXPC 00000001) 
ACPI: RSDT 00000000bffffa9b 00034 (v01 BOCHS  BXPCRSDT 00000001 BXPC 00000001) 
Setting APIC routing to flat. 
No NUMA configuration found 
Faking a node at 0000000000000000-00000000bfffe000 
Bootmem setup node 0 0000000000000000-00000000bfffe000 
  NODE_DATA [000000000000a000 - 000000000003dfff] 
  bootmap [000000000003e000 -  0000000000055fff] pages 18 
(7 early reservations) ==> bootmem [0000000000 - 00bfffe000] 
  #0 [0000000000 - 0000001000]   BIOS data page ==> [0000000000 - 0000001000] 
  #1 [0000006000 - 0000008000]       TRAMPOLINE ==> [0000006000 - 0000008000] 
  #2 [0001000000 - 000202bbe4]    TEXT DATA BSS ==> [0001000000 - 000202bbe4] 
  #3 [007decb000 - 007ffff59a]          RAMDISK ==> [007decb000 - 007ffff59a] 
  #4 [000009f400 - 0000100000]    BIOS reserved ==> [000009f400 - 0000100000] 
  #5 [000202c000 - 000202c0b9]              BRK ==> [000202c000 - 000202c0b9] 
  #6 [0000008000 - 000000a000]          PGTABLE ==> [0000008000 - 000000a000] 
found SMP MP-table at [ffff8800000fdf30] fdf30 
kvm-clock: Using msrs 4b564d01 and 4b564d00 
kvm-clock: cpu 0, msr 0:1c28841, boot clock 
Zone PFN ranges: 
  DMA      0x00000001 -> 0x00001000 
  DMA32    0x00001000 -> 0x00100000 
  Normal   0x00100000 -> 0x00100000 
Movable zone start PFN for each node 
early_node_map[2] active PFN ranges 
    0: 0x00000001 -> 0x0000009f 
    0: 0x00000100 -> 0x000bfffe 
ACPI: PM-Timer IO Port: 0xb008 
Setting APIC routing to flat. 
ACPI: LAPIC (acpi_id[0x00] lapic_id[0x00] enabled) 
ACPI: LAPIC_NMI (acpi_id[0xff] dfl dfl lint[0x1]) 
ACPI: IOAPIC (id[0x00] address[0xfec00000] gsi_base[0]) 
IOAPIC[0]: apic_id 0, version 17, address 0xfec00000, GSI 0-23 
ACPI: INT_SRC_OVR (bus 0 bus_irq 0 global_irq 2 dfl dfl) 
ACPI: INT_SRC_OVR (bus 0 bus_irq 5 global_irq 5 high level) 
ACPI: INT_SRC_OVR (bus 0 bus_irq 9 global_irq 9 high level) 
ACPI: INT_SRC_OVR (bus 0 bus_irq 10 global_irq 10 high level) 
ACPI: INT_SRC_OVR (bus 0 bus_irq 11 global_irq 11 high level) 
Using ACPI (MADT) for SMP configuration information 
SMP: Allowing 1 CPUs, 0 hotplug CPUs 
PM: Registered nosave memory: 000000000009f000 - 00000000000a0000 
PM: Registered nosave memory: 00000000000a0000 - 00000000000f0000 
PM: Registered nosave memory: 00000000000f0000 - 0000000000100000 
Allocating PCI resources starting at c0000000 (gap: c0000000:3effc000) 
Booting paravirtualized kernel on KVM 
NR_CPUS:4096 nr_cpumask_bits:1 nr_cpu_ids:1 nr_node_ids:1 
PERCPU: Embedded 31 pages/cpu @ffff880002200000 s95064 r8192 d23720 u2097152 
pcpu-alloc: s95064 r8192 d23720 u2097152 alloc=1*2097152 
pcpu-alloc: [0] 0  
kvm-clock: cpu 0, msr 0:2216841, primary cpu clock 
kvm-stealtime: cpu 0, msr 220e880 
Built 1 zonelists in Node order, mobility grouping on.  Total pages: 775479 
Policy zone: DMA32 
Kernel command line: initrd=/images/machine.example.com/initrd console=tty0 console=ttyS0 elevator=noop ks=http://beaker.example.com/kickstart/1289961 ksdevice=bootif netboot_method=pxe BOOT_IMAGE=/images/machine.example.com/kernel BOOTIF=01-da-36-d0-6e-50-2a  
PID hash table entries: 4096 (order: 3, 32768 bytes) 
xsave/xrstor: enabled xstate_bv 0x7, cntxt size 0x340 
Checking aperture... 
No AGP bridge found 
Memory: 3051124k/3145720k available (5336k kernel code, 392k absent, 94204k reserved, 7016k data, 1296k init) 
Hierarchical RCU implementation. 
NR_IRQS:33024 nr_irqs:256 
Console: colour VGA+ 80x25 
console [tty0] enabled 
console [ttyS0] enabled 
allocated 12582912 bytes of page_cgroup 
please try 'cgroup_disable=memory' option if you don't want memory cgroups 
TSC: cpu family 6 model 62, tsc initial value = 81ace0333 
Detected 2099.998 MHz processor. 
Calibrating delay loop (skipped) preset value.. 4199.99 BogoMIPS (lpj=2099998) 
pid_max: default: 32768 minimum: 301 
Security Framework initialized 
SELinux:  Initializing. 
Dentry cache hash table entries: 524288 (order: 10, 4194304 bytes) 
Inode-cache hash table entries: 262144 (order: 9, 2097152 bytes) 
Mount-cache hash table entries: 256 
Initializing cgroup subsys ns 
Initializing cgroup subsys cpuacct 
Initializing cgroup subsys memory 
Initializing cgroup subsys devices 
Initializing cgroup subsys freezer 
Initializing cgroup subsys net_cls 
Initializing cgroup subsys blkio 
Initializing cgroup subsys perf_event 
Initializing cgroup subsys net_prio 
mce: CPU supports 10 MCE banks 
alternatives: switching to unfair spinlock 
SMP alternatives: switching to UP code 
Freeing SMP alternatives: 36k freed 
ACPI: Core revision 20090903 
ftrace: converting mcount calls to 0f 1f 44 00 00 
ftrace: allocating 21917 entries in 86 pages 
Enabling x2apic 
Enabled x2apic 
APIC routing finalized to physical x2apic. 
..TIMER: vector=0x30 apic1=0 pin1=2 apic2=-1 pin2=-1 
CPU0: Intel(R) Xeon(R) CPU E5-2620 v2 @ 2.10GHz stepping 04 
Performance Events: 16-deep LBR, IvyBridge events, Intel PMU driver. 
... version:                2 
... bit width:              48 
... generic registers:      4 
... value mask:             0000ffffffffffff 
... max period:             000000007fffffff 
... fixed-purpose events:   3 
... event mask:             000000070000000f 
NMI watchdog enabled, takes one hw-pmu counter. 
Brought up 1 CPUs 
Total of 1 processors activated (4199.99 BogoMIPS). 
devtmpfs: initialized 
regulator: core version 0.5 
NET: Registered protocol family 16 
ACPI: bus type pci registered 
PCI: Using configuration type 1 for base access 
bio: create slab <bio-0> at 0 
ACPI: Interpreter enabled 
ACPI: (supports S0 S5) 
ACPI: Using IOAPIC for interrupt routing 
ACPI: No dock devices found. 
PCI: Using host bridge windows from ACPI; if necessary, use "pci=nocrs" and report a bug 
ACPI: PCI Root Bridge [PCI0] (domain 0000 [bus 00-ff]) 
pci_root PNP0A03:00: host bridge window [io  0x0000-0x0cf7] 
pci_root PNP0A03:00: host bridge window [io  0x0d00-0xffff] 
pci_root PNP0A03:00: host bridge window [mem 0x000a0000-0x000bffff] 
pci_root PNP0A03:00: host bridge window [mem 0xc0000000-0xfebfffff] 
PCI host bridge to bus 0000:00 
pci_bus 0000:00: root bus resource [io  0x0000-0x0cf7] 
pci_bus 0000:00: root bus resource [io  0x0d00-0xffff] 
pci_bus 0000:00: root bus resource [mem 0x000a0000-0x000bffff] 
pci_bus 0000:00: root bus resource [mem 0xc0000000-0xfebfffff] 
pci 0000:00:01.3: quirk: [io  0xb000-0xb03f] claimed by PIIX4 ACPI 
pci 0000:00:01.3: quirk: [io  0xb100-0xb10f] claimed by PIIX4 SMB 
ACPI: PCI Interrupt Link [LNKA] (IRQs 5 *10 11) 
ACPI: PCI Interrupt Link [LNKB] (IRQs 5 *10 11) 
ACPI: PCI Interrupt Link [LNKC] (IRQs 5 10 *11) 
ACPI: PCI Interrupt Link [LNKD] (IRQs 5 10 *11) 
ACPI: PCI Interrupt Link [LNKS] (IRQs *9) 
vgaarb: device added: PCI:0000:00:02.0,decodes=io+mem,owns=io+mem,locks=none 
vgaarb: loaded 
vgaarb: bridge control possible 0000:00:02.0 
SCSI subsystem initialized 
usbcore: registered new interface driver usbfs 
usbcore: registered new interface driver hub 
usbcore: registered new device driver usb 
PCI: Using ACPI for IRQ routing 
NetLabel: Initializing 
NetLabel:  domain hash size = 128 
NetLabel:  protocols = UNLABELED CIPSOv4 
NetLabel:  unlabeled traffic allowed by default 
Switching to clocksource kvm-clock 
pnp: PnP ACPI init 
ACPI: bus type pnp registered 
pnp: PnP ACPI: found 6 devices 
ACPI: ACPI bus type pnp unregistered 
NET: Registered protocol family 2 
IP route cache hash table entries: 131072 (order: 8, 1048576 bytes) 
TCP established hash table entries: 524288 (order: 11, 8388608 bytes) 
TCP bind hash table entries: 65536 (order: 8, 1048576 bytes) 
TCP: Hash tables configured (established 524288 bind 65536) 
TCP reno registered 
NET: Registered protocol family 1 
pci 0000:00:00.0: Limiting direct PCI/PCI transfers 
pci 0000:00:01.0: PIIX3: Enabling Passive Release 
pci 0000:00:01.0: Activating ISA DMA hang workarounds 
ACPI: PCI Interrupt Link [LNKD] enabled at IRQ 11 
pci 0000:00:01.2: PCI INT D -> Link[LNKD] -> GSI 11 (level, high) -> IRQ 11 
pci 0000:00:01.2: PCI INT D disabled 
Trying to unpack rootfs image as initramfs... 
Freeing initrd memory: 34001k freed 
futex hash table entries: 256 (order: 2, 16384 bytes) 
audit: initializing netlink socket (disabled) 
type=2000 audit(1429272787.917:1): initialized 
HugeTLB registered 2 MB page size, pre-allocated 0 pages 
VFS: Disk quotas dquot_6.5.2 
Dquot-cache hash table entries: 512 (order 0, 4096 bytes) 
msgmni has been set to 6025 
alg: No test for stdrng (krng) 
ksign: Installing public key data 
Loading keyring 
- Added public key 26DA0274AC913FEF 
- User ID: Red Hat, Inc. (Kernel Module GPG key) 
- Added public key D4A26C9CCD09BEDA 
- User ID: Red Hat Enterprise Linux Driver Update Program <secalert@example.com> 
- Added public key CB445E0DA3EA1F65 
- User ID: Red Hat Enterprise Linux Driver Update Program (key 4) <secalert@example.com> 
Block layer SCSI generic (bsg) driver version 0.4 loaded (major 251) 
io scheduler noop registered (default) 
io scheduler anticipatory registered 
io scheduler deadline registered 
io scheduler cfq registered 
pci_hotplug: PCI Hot Plug PCI Core version: 0.5 
pciehp: PCI Express Hot Plug Controller Driver version: 0.4 
acpiphp: ACPI Hot Plug PCI Controller Driver version: 0.5 
acpiphp: Slot [3] registered 
acpiphp: Slot [4] registered 
acpiphp: Slot [5] registered 
acpiphp: Slot [6] registered 
acpiphp: Slot [7] registered 
acpiphp: Slot [8] registered 
acpiphp: Slot [9] registered 
acpiphp: Slot [10] registered 
acpiphp: Slot [11] registered 
acpiphp: Slot [12] registered 
acpiphp: Slot [13] registered 
acpiphp: Slot [14] registered 
acpiphp: Slot [15] registered 
acpiphp: Slot [16] registered 
acpiphp: Slot [17] registered 
acpiphp: Slot [18] registered 
acpiphp: Slot [19] registered 
acpiphp: Slot [20] registered 
acpiphp: Slot [21] registered 
acpiphp: Slot [22] registered 
acpiphp: Slot [23] registered 
acpiphp: Slot [24] registered 
acpiphp: Slot [25] registered 
acpiphp: Slot [26] registered 
acpiphp: Slot [27] registered 
acpiphp: Slot [28] registered 
acpiphp: Slot [29] registered 
acpiphp: Slot [30] registered 
acpiphp: Slot [31] registered 
input: Power Button as /devices/LNXSYSTM:00/LNXPWRBN:00/input/input0 
ACPI: Power Button [PWRF] 
[Firmware Bug]: No valid trip found 
GHES: HEST is not enabled! 
Non-volatile memory driver v1.3 
Linux agpgart interface v0.103 
crash memory driver: version 1.1 
Serial: 8250/16550 driver, 4 ports, IRQ sharing enabled 
erial8250: ttyS0 at I/O 0x3f8 (irq = 4) is a 16550A 
00:05: ttyS0 at I/O 0x3f8 (irq = 4) is a 16550A 
brd: module loaded 
loop: module loaded 
input: Macintosh mouse button emulation as /devices/virtual/input/input1 
Fixed MDIO Bus: probed 
ehci_hcd: USB 2.0 'Enhanced' Host Controller (EHCI) Driver 
ohci_hcd: USB 1.1 'Open' Host Controller (OHCI) Driver 
uhci_hcd: USB Universal Host Controller Interface driver 
uhci_hcd 0000:00:01.2: PCI INT D -> Link[LNKD] -> GSI 11 (level, high) -> IRQ 11 
uhci_hcd 0000:00:01.2: UHCI Host Controller 
uhci_hcd 0000:00:01.2: new USB bus registered, assigned bus number 1 
uhci_hcd 0000:00:01.2: irq 11, io base 0x0000c040 
usb usb1: New USB device found, idVendor=1d6b, idProduct=0001 
usb usb1: New USB device strings: Mfr=3, Product=2, SerialNumber=1 
usb usb1: Product: UHCI Host Controller 
usb usb1: Manufacturer: Linux 2.6.32-504.el6.x86_64 uhci_hcd 
usb usb1: SerialNumber: 0000:00:01.2 
usb usb1: configuration #1 chosen from 1 choice 
hub 1-0:1.0: USB hub found 
hub 1-0:1.0: 2 ports detected 
PNP: PS/2 Controller [PNP0303:KBD,PNP0f13:MOU] at 0x60,0x64 irq 1,12 
serio: i8042 KBD port at 0x60,0x64 irq 1 
serio: i8042 AUX port at 0x60,0x64 irq 12 
mice: PS/2 mouse device common for all mice 
input: AT Translated Set 2 keyboard as /devices/platform/i8042/serio0/input/input2 
rtc_cmos 00:01: RTC can wake from S4 
rtc_cmos 00:01: rtc core: registered rtc_cmos as rtc0 
rtc0: alarms up to one day, 114 bytes nvram 
cpuidle: using governor ladder 
cpuidle: using governor menu 
EFI Variables Facility v0.08 2004-May-17 
usbcore: registered new interface driver hiddev 
usbcore: registered new interface driver usbhid 
usbhid: v2.6:USB HID core driver 
GRE over IPv4 demultiplexor driver 
TCP cubic registered 
Initializing XFRM netlink socket 
NET: Registered protocol family 17 
registered taskstats version 1 
rtc_cmos 00:01: setting system clock to 2015-04-17 12:13:09 UTC (1429272789) 
Initalizing network drop monitor service 
Freeing unused kernel memory: 1296k freed 
Write protecting the kernel read-only data: 10240k 
Freeing unused kernel memory: 788k freed 
Freeing unused kernel memory: 1568k freed 
 [9;0] [8] 
Greetings. 
anaconda installer init version 13.21.229 starting 
mounting /proc filesystem... done 
creating /dev filesystem... done 
starting udev...done 
mounting /dev/pts (unix98 pty) filesystem... done 
mounting /sys filesystem... done 
anaconda installer init version 13.21.229 using a serial console 
trying to remount root filesystem read write... done 
mounting /tmp as tmpfs... done 
running install... 
running /sbin/loader 
 %Gdetecting hardware... 
waiting for hardware to initialize... 
detecting hardware... 
waiting for hardware to initialize... 
      
 (B )0      
  
  
     
Welcome to Red Hat Enterprise Linux for x86_64       
┌───────────────────────────────────────────────────────┐       
│    
│       
│ Waiting for NetworkManager to configure eth0.   
│       
│    
│       
└───────────────────────────────────────────────────────┘      
<Tab>/<Alt-Tab> between elements  | <Space> selects | <F12> next screen       
       
                                                                            
                                                                            
                                                                            
                                                                            
                                                                            
     
┌────────────────────────────┤ Retrieving ├────────────────────────────┐      
│    
│      
│ Retrieving /1289961...    
│      
│    
│      
│                                   0%                                 │      
│    
│      
└──────────────────────────────────────────────────────────────────────┘       
      
                              100%                                        
       
                            7%                                        
       
                           58%          
       
73%                   
       
88    
                 
       
95    
           
100    
              
     
                                                                                  
                                                                                  
                                                                                  
                                                                                  
                                                                                  
                                                                                  
                                                                                  
      
  
                                                                                 Running anaconda 13.21.229, the Red Hat Enterprise Linux system installer - please wait. 
+ command -v curl 
+ grep -q '.*--retry' 
+ curl --help 
+ fetch - http://lab.example.com:8000/install_start/1924328 
+ curl --retry 20 --remote-time -o - http://lab.example.com:8000/install_start/1924328 
  % Total    % Received % Xferd  Average Speed   Time    Time     Time  Current 
                                 Dload  Upload   Total   Spent    Left  Speed 
   0     0    0     0    0     0      0      0 --:--:-- --:--:-- --:--:--     0   0     4    0     4    0     0      2      0 --:--:--  0:00:01 --:--:--     4   0     4    0     4    0     0      2      0 --:--:--  0:00:01 --:--:--     4 
+ fetch /tmp/anamon http://lab.example.com/beaker/anamon 
+ curl --retry 20 --remote-time -o /tmp/anamon http://lab.example.com/beaker/anamon 
  % Total    % Received % Xferd  Average Speed   Time    Time     Time  Current 
                                 Dload  Upload   Total   Spent    Left  Speed 
   0     0    0     0    0     0      0      0 --:--:-- --:--:-- --:--:--     0 100  8703  100  8703    0     0  1981k      0 --:--:-- --:--:-- --:--:-- 4249k 
+ python /tmp/anamon --recipe-id 1924328 --xmlrpc-url http://lab.example.com:8000/RPC2 
TrueExamining storage devices 
In progress 
 
Creating device /dev/vda1 
Creating ext4 filesystem on /dev/vda1 
In progress 
 
Creating device /dev/vda2 
Creating physical volume (LVM) on /dev/vda2 
In progress 
 
Creating device /dev/mapper/vg_machine 
In progress 
 
Creating device /dev/mapper/vg_machine-lv_root 
In progress 
 
Creating ext4 filesystem on /dev/mapper/vg_machine-lv_root 
In progress 
 
Creating device /dev/mapper/vg_machine-lv_home 
In progress 
 
Creating ext4 filesystem on /dev/mapper/vg_machine-lv_home 
In progress 
 
Creating device /dev/mapper/vg_machine-lv_swap 
In progress 
 
Creating swap on /dev/mapper/vg_machine-lv_swap 
In progress 
 
Retrieving installation information for Red Hat Enterprise Linux. 
In progress 
 
Retrieving installation information for beaker-HighAvailability. 
In progress 
 
Retrieving installation information for beaker-LoadBalancer. 
In progress 
 
Retrieving installation information for beaker-ResilientStorage. 
In progress 
 
Retrieving installation information for beaker-ScalableFileSystem. 
In progress 
 
Retrieving installation information for beaker-Server. 
In progress 
 
Retrieving installation information for beaker-Server-SAP. 
In progress 
 
Retrieving installation information for beaker-Server-SAP-debuginfo. 
In progress 
 
Retrieving installation information for beaker-Server-SAPHANA. 
In progress 
 
Retrieving installation information for beaker-Server-SAPHANA-debuginfo. 
In progress 
 
Retrieving installation information for beaker-Server-debuginfo. 
In progress 
 
Retrieving installation information for beaker-Server-optional. 
In progress 
 
Retrieving installation information for beaker-Server-optional-debuginfo. 
In progress 
 
Retrieving installation information for Red Hat Enterprise Linux. 
Retrieving installation information for beaker-HighAvailability. 
Retrieving installation information for beaker-LoadBalancer. 
Retrieving installation information for beaker-ResilientStorage. 
Retrieving installation information for beaker-ScalableFileSystem. 
Retrieving installation information for beaker-Server. 
Retrieving installation information for beaker-Server-SAP. 
Retrieving installation information for beaker-Server-SAP-debuginfo. 
Retrieving installation information for beaker-Server-SAPHANA. 
Retrieving installation information for beaker-Server-SAPHANA-debuginfo. 
Retrieving installation information for beaker-Server-debuginfo. 
Retrieving installation information for beaker-Server-optional. 
Retrieving installation information for beaker-Server-optional-debuginfo. 
Checking dependencies in packages selected for installation 
In progress 
Completed 
 
Starting installation process 
In progress 
 
Preparing transaction from installation source 
In progress 
 
Installing libgcc-4.4.7-11.el6.x86_64 (114 KB) 
GCC version 4.4 shared support library 
Packages completed: 1 of 638 
Installing setup-2.8.14-20.el6_4.1.noarch (650 KB) 
A set of system configuration and setup files 
Packages completed: 2 of 638 
Installing filesystem-2.4.30-3.el6.x86_64 (0 Bytes) 
The basic directory layout for a Linux system 
Packages completed: 3 of 638 
Installing foomatic-db-filesystem-4.0-7.20091126.el6.noarch (0 Bytes) 
Directory layout for the foomatic package 
Packages completed: 4 of 638 
Installing mesa-dri-filesystem-10.1.2-2.el6.x86_64 (24 KB) 
Mesa DRI driver filesystem 
Packages completed: 5 of 638 
Installing libX11-common-1.6.0-2.2.el6.noarch (1 MB) 
Common data for libX11 
Packages completed: 6 of 638 
Installing kernel-headers-2.6.32-504.el6.x86_64 (2 MB) 
Header files for the Linux kernel for use by glibc 
Packages completed: 7 of 638 
Installing tzdata-2014g-1.el6.noarch (1 MB) 
Timezone data 
Packages completed: 8 of 638 
Installing basesystem-10.0-4.el6.noarch (0 Bytes) 
The skeleton package which defines a simple Red Hat Enterprise Linux system 
Packages completed: 9 of 638 
Installing poppler-data-0.4.0-1.el6.noarch (11 MB) 
Encoding files 
Packages completed: 10 of 638 
Installing xml-common-0.6.3-33.el6.noarch (20 KB) 
Common XML catalog and DTD files 
Packages completed: 11 of 638 
Installing iso-codes-3.16-2.el6.noarch (10 MB) 
ISO code lists and translations 
Packages completed: 12 of 638 
Installing tzdata-java-2014g-1.el6.noarch (358 KB) 
Timezone data for Java 
Packages completed: 13 of 638 
Installing mailcap-2.1.31-2.el6.noarch (51 KB) 
Helper application and MIME type associations for file types 
Packages completed: 14 of 638 
Installing ncurses-base-5.7-3.20090208.el6.x86_64 (188 KB) 
Descriptions of common terminals 
Packages completed: 15 of 638 
Installing glibc-common-2.12-1.149.el6.x86_64 (107 MB) 
Common binaries and locale data for glibc 
Packages completed: 16 of 638 
Installing nss-softokn-freebl-3.14.3-17.el6.x86_64 (467 KB) 
Freebl library for the Network Security Services 
Packages completed: 17 of 638 
Installing glibc-2.12-1.149.el6.x86_64 (12 MB) 
The GNU libc libraries 
Packages completed: 18 of 638 
Installing ncurses-libs-5.7-3.20090208.el6.x86_64 (742 KB) 
Ncurses libraries 
Packages completed: 19 of 638 
Installing bash-4.1.2-29.el6.x86_64 (2 MB) 
The GNU Bourne Again shell 
Packages completed: 20 of 638 
Installing libattr-2.4.44-7.el6.x86_64 (18 KB) 
Dynamic library for extended attribute support 
Packages completed: 21 of 638 
Installing libcap-2.16-5.5.el6.x86_64 (62 KB) 
Library for getting and setting POSIX.1e capabilities 
Packages completed: 22 of 638 
Installing zlib-1.2.3-29.el6.x86_64 (148 KB) 
The zlib compression and decompression library 
Packages completed: 23 of 638 
Installing pkgconfig-0.23-9.1.el6.x86_64 (136 KB) 
A tool for determining compilation options 
Packages completed: 24 of 638 
Installing info-4.13a-8.el6.x86_64 (321 KB) 
A stand-alone TTY-based reader for GNU texinfo documentation 
Packages completed: 25 of 638 
Installing libstdc++-4.4.7-11.el6.x86_64 (963 KB) 
GNU Standard C++ Library 
Packages completed: 26 of 638 
Installing dbus-libs-1.2.24-7.el6_3.x86_64 (259 KB) 
Libraries for accessing D-BUS 
Packages completed: 27 of 638 
Installing libxml2-2.7.6-14.el6_5.2.x86_64 (1 MB) 
Library providing XML and HTML support 
Packages completed: 28 of 638 
Installing xorg-x11-proto-devel-7.7-9.el6.noarch (1 MB) 
X.Org X11 Protocol headers 
Packages completed: 29 of 638 
Installing libcom_err-1.41.12-21.el6.x86_64 (57 KB) 
Common error description library 
Packages completed: 30 of 638 
Installing freetype-2.3.11-14.el6_3.1.x86_64 (815 KB) 
A free and portable font rendering engine 
Packages completed: 31 of 638 
Installing nspr-4.10.6-1.el6_5.x86_64 (271 KB) 
Netscape Portable Runtime 
Packages completed: 32 of 638 
Installing audit-libs-2.3.7-5.el6.x86_64 (221 KB) 
Dynamic library for libaudit 
Packages completed: 33 of 638 
Installing db4-4.7.25-18.el6_4.x86_64 (1 MB) 
The Berkeley DB database library (version 4) for C 
Packages completed: 34 of 638 
Installing libjpeg-turbo-1.2.1-3.el6_5.x86_64 (465 KB) 
A MMX/SSE2 accelerated library for manipulating JPEG image files 
Packages completed: 35 of 638 
Installing libpng-1.2.49-1.el6_2.x86_64 (639 KB) 
A library of functions for manipulating PNG image format files 
Packages completed: 36 of 638 
Installing popt-1.13-7.el6.x86_64 (81 KB) 
C library for parsing command line parameters 
Packages completed: 37 of 638 
Installing chkconfig-1.3.49.3-2.el6_4.1.x86_64 (654 KB) 
A system tool for maintaining the /etc/rc*.d hierarchy 
Packages completed: 38 of 638 
Installing expat-2.0.1-11.el6_2.x86_64 (193 KB) 
An XML parser library 
Packages completed: 39 of 638 
Installing libacl-2.2.49-6.el6.x86_64 (30 KB) 
Dynamic library for access control list support 
Packages completed: 40 of 638 
Installing nss-util-3.16.1-3.el6.x86_64 (175 KB) 
Network Security Services Utilities Library 
Packages completed: 41 of 638 
Installing gawk-3.1.7-10.el6.x86_64 (1 MB) 
The GNU version of the awk text processing utility 
Packages completed: 42 of 638 
Installing elfutils-libelf-0.158-3.2.el6.x86_64 (923 KB) 
Library to read and write ELF files 
Packages completed: 43 of 638 
Installing bzip2-libs-1.0.5-7.el6_0.x86_64 (66 KB) 
Libraries for applications using bzip2 
Packages completed: 44 of 638 
Installing libICE-1.0.6-1.el6.x86_64 (114 KB) 
X.Org X11 ICE runtime library 
Packages completed: 45 of 638 
Installing libsepol-2.0.41-4.el6.x86_64 (242 KB) 
SELinux binary policy manipulation library 
Packages completed: 46 of 638 
Installing libselinux-2.0.94-5.8.el6.x86_64 (127 KB) 
SELinux library and simple utilities 
Packages completed: 47 of 638 
Installing gamin-0.1.10-9.el6.x86_64 (406 KB) 
Library providing the FAM File Alteration Monitor API 
Packages completed: 48 of 638 
Installing glib2-2.28.8-4.el6.x86_64 (7 MB) 
A library of handy utility functions 
Packages completed: 49 of 638 
Installing shared-mime-info-0.70-6.el6.x86_64 (1 MB) 
Shared MIME information database 
Packages completed: 50 of 638 
Installing shadow-utils-4.1.4.2-19.el6.x86_64 (2 MB) 
Utilities for managing accounts and shadow password files 
Packages completed: 51 of 638 
Installing sed-4.2.1-10.el6.x86_64 (529 KB) 
A GNU stream text editor 
Packages completed: 52 of 638 
Installing readline-6.0-4.el6.x86_64 (423 KB) 
A library for editing typed command lines 
Packages completed: 53 of 638 
Installing cyrus-sasl-lib-2.1.23-15.el6.x86_64 (349 KB) 
Shared libraries needed by applications which use Cyrus SASL 
Packages completed: 54 of 638 
Installing xz-libs-4.999.9-0.5.beta.20091007git.el6.x86_64 (209 KB) 
Libraries for decoding LZMA compression 
Packages completed: 55 of 638 
Installing sqlite-3.6.20-1.el6.x86_64 (626 KB) 
Library that implements an embeddable SQL database engine 
Packages completed: 56 of 638 
Installing findutils-4.4.2-6.el6.x86_64 (1 MB) 
The GNU versions of find utilities (find and xargs) 
Packages completed: 57 of 638 
Installing gmp-4.3.1-7.el6_2.2.x86_64 (642 KB) 
A GNU arbitrary precision library 
Packages completed: 58 of 638 
Installing tcp_wrappers-libs-7.6-57.el6.x86_64 (128 KB) 
Libraries for tcp_wrappers 
Packages completed: 59 of 638 
Installing libuuid-2.17.2-12.18.el6.x86_64 (15 KB) 
Universally unique ID library 
Packages completed: 60 of 638 
Installing libSM-1.2.1-2.el6.x86_64 (76 KB) 
X.Org X11 SM runtime library 
Packages completed: 61 of 638 
Installing libblkid-2.17.2-12.18.el6.x86_64 (132 KB) 
Block device ID library 
Packages completed: 62 of 638 
Installing dbus-glib-0.86-6.el6_4.x86_64 (566 KB) 
GLib bindings for D-Bus 
Packages completed: 63 of 638 
Installing atk-1.30.0-1.el6.x86_64 (935 KB) 
Interfaces for accessibility support 
Packages completed: 64 of 638 
Installing btparser-0.17-2.el6.x86_64 (132 KB) 
Parser and analyzer for backtraces produced by GDB 
Packages completed: 65 of 638 
Installing elfutils-libs-0.158-3.2.el6.x86_64 (585 KB) 
Libraries to handle compiled objects 
Packages completed: 66 of 638 
Installing bzip2-1.0.5-7.el6_0.x86_64 (77 KB) 
A file compression utility 
Packages completed: 67 of 638 
Installing xmlrpc-c-1.16.24-1210.1840.el6.x86_64 (262 KB) 
A lightweight RPC library based on XML and HTTP 
Packages completed: 68 of 638 
Installing avahi-libs-0.6.25-15.el6.x86_64 (112 KB) 
Libraries for avahi run-time use 
Packages completed: 69 of 638 
Installing cpio-2.10-12.el6_5.x86_64 (635 KB) 
A GNU archiving program 
Packages completed: 70 of 638 
Installing m4-1.4.13-5.el6.x86_64 (547 KB) 
The GNU macro processor 
Packages completed: 71 of 638 
Installing zlib-devel-1.2.3-29.el6.x86_64 (114 KB) 
Header files and libraries for Zlib development 
Packages completed: 72 of 638 
Installing libpng-devel-1.2.49-1.el6_2.x86_64 (262 KB) 
Development tools for programs to manipulate PNG image format files 
Packages completed: 73 of 638 
Installing freetype-devel-2.3.11-14.el6_3.1.x86_64 (2 MB) 
FreeType development libraries and header files 
Packages completed: 74 of 638 
Installing file-libs-5.04-21.el6.x86_64 (2 MB) 
Libraries for applications using libmagic 
Packages completed: 75 of 638 
Installing libcap-ng-0.6.4-3.el6_0.1.x86_64 (44 KB) 
An alternate posix capabilities library 
Packages completed: 76 of 638 
Installing dbus-1.2.24-7.el6_3.x86_64 (471 KB) 
D-BUS message bus 
Packages completed: 77 of 638 
Installing libgpg-error-1.7-4.el6.x86_64 (209 KB) 
Library for error values used by GnuPG components 
Packages completed: 78 of 638 
Installing libgcrypt-1.4.5-11.el6_4.x86_64 (524 KB) 
A general-purpose cryptography library 
Packages completed: 79 of 638 
Installing keyutils-libs-1.4-5.el6.x86_64 (35 KB) 
Key utilities library 
Packages completed: 80 of 638 
Installing krb5-libs-1.10.3-33.el6.x86_64 (2 MB) 
The shared libraries used by Kerberos 5 
Packages completed: 81 of 638 
Installing libudev-147-2.57.el6.x86_64 (71 KB) 
Dynamic library to access udev device information 
Packages completed: 82 of 638 
Installing libnl-1.1.4-2.el6.x86_64 (353 KB) 
Convenience library for kernel netlink sockets 
Packages completed: 83 of 638 
Installing libogg-1.1.4-2.1.el6.x86_64 (29 KB) 
The Ogg bitstream file format library 
Packages completed: 84 of 638 
Installing libgssglue-0.1-11.el6.x86_64 (40 KB) 
Generic Security Services Application Programming Interface Library 
Packages completed: 85 of 638 
Installing lua-5.1.4-4.1.el6.x86_64 (603 KB) 
Powerful light-weight programming language 
Packages completed: 86 of 638 
Installing libICE-devel-1.0.6-1.el6.x86_64 (36 KB) 
X.Org X11 ICE development package 
Packages completed: 87 of 638 
Installing libjpeg-turbo-devel-1.2.1-3.el6_5.x86_64 (313 KB) 
Headers for the libjpeg-turbo library 
Packages completed: 88 of 638 
Installing which-2.19-6.el6.x86_64 (71 KB) 
Displays where a particular program in your path is located 
Packages completed: 89 of 638 
Installing binutils-2.20.51.0.2-5.42.el6.x86_64 (9 MB) 
A GNU collection of binary utilities 
Packages completed: 90 of 638 
Installing libidn-1.18-2.el6.x86_64 (554 KB) 
Internationalized Domain Name support library 
Packages completed: 91 of 638 
Installing diffutils-2.8.1-28.el6.x86_64 (575 KB) 
A GNU collection of diff utilities 
Packages completed: 92 of 638 
Installing pciutils-libs-3.1.10-4.el6.x86_64 (47 KB) 
Linux PCI library 
Packages completed: 93 of 638 
Installing libtasn1-2.3-6.el6_5.x86_64 (432 KB) 
The ASN.1 library used in GNUTLS 
Packages completed: 94 of 638 
Installing gnutls-2.8.5-14.el6_5.x86_64 (1003 KB) 
A TLS protocol implementation 
Packages completed: 95 of 638 
Installing libSM-devel-1.2.1-2.el6.x86_64 (18 KB) 
X.Org X11 SM development package 
Packages completed: 96 of 638 
Installing file-5.04-21.el6.x86_64 (55 KB) 
A utility for determining file types 
Packages completed: 97 of 638 
Installing mpfr-2.4.1-6.el6.x86_64 (365 KB) 
A C library for multiple-precision floating-point computations 
Packages completed: 98 of 638 
Installing nss-softokn-3.14.3-17.el6.x86_64 (1 MB) 
Network Security Services Softoken Module 
Packages completed: 99 of 638 
Installing xz-4.999.9-0.5.beta.20091007git.el6.x86_64 (476 KB) 
LZMA compression utilities 
Packages completed: 100 of 638 
Installing procps-3.2.8-30.el6.x86_64 (458 KB) 
System and process monitoring utilities 
Packages completed: 101 of 638 
Installing patch-2.6-6.el6.x86_64 (171 KB) 
Utility for modifying/upgrading files 
Packages completed: 102 of 638 
Installing psmisc-22.6-19.el6_5.x86_64 (217 KB) 
Utilities for managing processes on your system 
Packages completed: 103 of 638 
Installing tar-1.23-11.el6.x86_64 (2 MB) 
A GNU file archiving program 
Packages completed: 104 of 638 
Installing libtiff-3.9.4-10.el6_5.x86_64 (939 KB) 
Library of functions for manipulating TIFF format image files 
Packages completed: 105 of 638 
Installing cups-libs-1.4.2-67.el6.x86_64 (651 KB) 
Common Unix Printing System - libraries 
Packages completed: 106 of 638 
Installing nspr-devel-4.10.6-1.el6_5.x86_64 (439 KB) 
Development libraries for the Netscape Portable Runtime 
Packages completed: 107 of 638 
Installing e2fsprogs-libs-1.41.12-21.el6.x86_64 (268 KB) 
Ext2/3/4 filesystem-specific shared libraries 
Packages completed: 108 of 638 
Installing pcre-7.8-6.el6.x86_64 (513 KB) 
Perl-compatible regular expression library 
Packages completed: 109 of 638 
Installing grep-2.6.3-6.el6.x86_64 (784 KB) 
Pattern matching utilities 
Packages completed: 110 of 638 
Installing make-3.81-20.el6.x86_64 (1 MB) 
A GNU tool which simplifies the build process for users 
Packages completed: 111 of 638 
Installing sysvinit-tools-2.87-5.dsf.el6.x86_64 (110 KB) 
Tools used for process and utmp management. 
Packages completed: 112 of 638 
Installing lcms-libs-1.19-1.el6.x86_64 (220 KB) 
Library for lcms 
Packages completed: 113 of 638 
Installing libmng-1.0.10-4.1.el6.x86_64 (531 KB) 
Library for Multiple-image Network Graphics support 
Packages completed: 114 of 638 
Installing gdbm-1.8.0-36.el6.x86_64 (47 KB) 
A GNU set of database routines which use extensible hashing 
Packages completed: 115 of 638 
Installing perl-Pod-Escapes-1.04-136.el6.x86_64 (20 KB) 
Perl module for resolving POD escape sequences 
Packages completed: 116 of 638 
Installing perl-libs-5.10.1-136.el6.x86_64 (1 MB) 
The libraries for the perl runtime 
Packages completed: 117 of 638 
Installing perl-Module-Pluggable-3.90-136.el6.x86_64 (30 KB) 
Automatically give your module the ability to have plugins 
Packages completed: 118 of 638 
Installing perl-version-0.77-136.el6.x86_64 (50 KB) 
Perl extension for Version Objects 
Packages completed: 119 of 638 
Installing perl-Pod-Simple-3.13-136.el6.x86_64 (465 KB) 
Framework for parsing POD documentation 
Packages completed: 120 of 638 
Installing perl-5.10.1-136.el6.x86_64 (33 MB) 
Practical Extraction and Report Language 
[-- MARK -- Fri Apr 17 12:15:00 2015] 
Packages completed: 121 of 638 
Installing perl-URI-1.40-2.el6.noarch (250 KB) 
A Perl module implementing URI parsing and manipulation 
Packages completed: 122 of 638 
Installing libXau-1.0.6-4.el6.x86_64 (39 KB) 
Sample Authorization Protocol for X 
Packages completed: 123 of 638 
Installing libxcb-1.9.1-2.el6.x86_64 (515 KB) 
A C binding to the X11 protocol 
Packages completed: 124 of 638 
Installing libX11-1.6.0-2.2.el6.x86_64 (1 MB) 
Core X11 protocol client library 
Packages completed: 125 of 638 
Installing libXext-1.3.2-2.1.el6.x86_64 (83 KB) 
X.Org X11 libXext runtime library 
Packages completed: 126 of 638 
Installing libXrender-0.9.8-2.1.el6.x86_64 (39 KB) 
X.Org X11 libXrender runtime library 
Packages completed: 127 of 638 
Installing libXi-1.7.2-2.2.el6.x86_64 (64 KB) 
X.Org X11 libXi runtime library 
Packages completed: 128 of 638 
Installing libXrandr-1.4.1-2.1.el6.x86_64 (40 KB) 
X.Org X11 libXrandr runtime library 
Packages completed: 129 of 638 
Installing libXfixes-5.0.1-2.1.el6.x86_64 (22 KB) 
X Fixes library 
Packages completed: 130 of 638 
Installing libXt-1.1.4-6.1.el6.x86_64 (406 KB) 
X.Org X11 libXt runtime library 
Packages completed: 131 of 638 
Installing libXcursor-1.1.14-2.1.el6.x86_64 (40 KB) 
Cursor management library 
Packages completed: 132 of 638 
Installing libXinerama-1.1.3-2.1.el6.x86_64 (11 KB) 
X.Org X11 libXinerama runtime library 
Packages completed: 133 of 638 
Installing libXtst-1.2.2-2.1.el6.x86_64 (26 KB) 
X.Org X11 libXtst runtime library 
Packages completed: 134 of 638 
Installing libXdamage-1.1.3-4.el6.x86_64 (24 KB) 
X Damage extension library 
Packages completed: 135 of 638 
Installing libXmu-1.1.1-2.el6.x86_64 (153 KB) 
X.Org X11 libXmu/libXmuu runtime libraries 
Packages completed: 136 of 638 
Installing libXp-1.0.2-2.1.el6.x86_64 (53 KB) 
X.Org X11 libXp runtime library 
Packages completed: 137 of 638 
Installing libXcomposite-0.4.3-4.el6.x86_64 (31 KB) 
X Composite Extension library 
Packages completed: 138 of 638 
Installing libXxf86vm-1.1.3-2.1.el6.x86_64 (20 KB) 
X.Org X11 libXxf86vm runtime library 
Packages completed: 139 of 638 
Installing libXau-devel-1.0.6-4.el6.x86_64 (6 KB) 
Development files for libXau 
Packages completed: 140 of 638 
Installing libxcb-devel-1.9.1-2.el6.x86_64 (3 MB) 
Development files for libxcb 
Packages completed: 141 of 638 
Installing libX11-devel-1.6.0-2.2.el6.x86_64 (1 MB) 
Development files for libX11 
Packages completed: 142 of 638 
Installing libXext-devel-1.3.2-2.1.el6.x86_64 (99 KB) 
X.Org X11 libXext development package 
Packages completed: 143 of 638 
Installing libXrender-devel-0.9.8-2.1.el6.x86_64 (29 KB) 
X.Org X11 libXrender development package 
Packages completed: 144 of 638 
Installing libXfixes-devel-5.0.1-2.1.el6.x86_64 (9 KB) 
Development files for libXfixes 
Packages completed: 145 of 638 
Installing libXt-devel-1.1.4-6.1.el6.x86_64 (1 MB) 
X.Org X11 libXt development package 
Packages completed: 146 of 638 
Installing libXi-devel-1.7.2-2.2.el6.x86_64 (126 KB) 
X.Org X11 libXi development package 
Packages completed: 147 of 638 
Installing libXcursor-devel-1.1.14-2.1.el6.x86_64 (18 KB) 
Development files for libXcursor 
Packages completed: 148 of 638 
Installing libXrandr-devel-1.4.1-2.1.el6.x86_64 (21 KB) 
X.Org X11 libXrandr development package 
Packages completed: 149 of 638 
Installing libXinerama-devel-1.1.3-2.1.el6.x86_64 (7 KB) 
X.Org X11 libXinerama development package 
Packages completed: 150 of 638 
Installing autoconf-2.63-5.1.el6.noarch (2 MB) 
A GNU tool for automatically configuring source code 
Packages completed: 151 of 638 
Installing automake-1.11.1-4.el6.noarch (1 MB) 
A GNU tool for automatically creating Makefiles 
Packages completed: 152 of 638 
Installing perl-Error-0.17015-4.el6.noarch (46 KB) 
Error/exception handling in an OO-ish way 
Packages completed: 153 of 638 
Installing perl-Compress-Raw-Zlib-2.021-136.el6.x86_64 (143 KB) 
Low-Level Interface to the zlib compression library 
Packages completed: 154 of 638 
Installing perl-IO-Compress-Base-2.021-136.el6.x86_64 (135 KB) 
Base Class for IO::Compress modules 
Packages completed: 155 of 638 
Installing nss-util-devel-3.16.1-3.el6.x86_64 (255 KB) 
Development libraries for Network Security Services Utilities 
Packages completed: 156 of 638 
Installing xz-lzma-compat-4.999.9-0.5.beta.20091007git.el6.x86_64 (20 KB) 
Older LZMA format compatibility binaries 
Packages completed: 157 of 638 
Installing p11-kit-0.18.5-2.el6_5.2.x86_64 (256 KB) 
Library for loading and sharing PKCS#11 modules 
Packages completed: 158 of 638 
Installing libtirpc-0.2.1-10.el6.x86_64 (168 KB) 
Transport Independent RPC Library 
Packages completed: 159 of 638 
Installing libvorbis-1.2.3-4.el6_2.1.x86_64 (2 MB) 
The Vorbis General Audio Compression Codec. 
Packages completed: 160 of 638 
Installing libgudev1-147-2.57.el6.x86_64 (47 KB) 
Libraries for adding libudev support to applications that use glib 
Packages completed: 161 of 638 
Installing elfutils-0.158-3.2.el6.x86_64 (644 KB) 
A collection of utilities and DSOs to handle compiled objects 
Packages completed: 162 of 638 
Installing apr-1.3.9-5.el6_2.x86_64 (296 KB) 
Apache Portable Runtime library 
Packages completed: 163 of 638 
Installing bc-1.06.95-1.el6.x86_64 (212 KB) 
GNU's bc (a numeric processing language) and dc (a calculator) 
Packages completed: 164 of 638 
Installing vim-minimal-7.2.411-1.8.el6.x86_64 (748 KB) 
A minimal version of the VIM editor 
Packages completed: 165 of 638 
Installing net-tools-1.60-110.el6_2.x86_64 (759 KB) 
Basic networking tools 
Packages completed: 166 of 638 
Installing libselinux-utils-2.0.94-5.8.el6.x86_64 (61 KB) 
SELinux libselinux utilies 
Packages completed: 167 of 638 
Installing checkpolicy-2.0.22-1.el6.x86_64 (849 KB) 
SELinux policy compiler 
Packages completed: 168 of 638 
Installing unzip-6.0-1.el6.x86_64 (312 KB) 
A utility for unpacking zip files 
Packages completed: 169 of 638 
Installing acl-2.2.49-6.el6.x86_64 (188 KB) 
Access control list utilities 
Packages completed: 170 of 638 
Installing jasper-libs-1.900.1-15.el6_1.1.x86_64 (329 KB) 
Runtime libraries for jasper 
Packages completed: 171 of 638 
Installing gdk-pixbuf2-2.24.1-5.el6.x86_64 (2 MB) 
An image loading library 
Packages completed: 172 of 638 
Installing libusb-0.1.12-23.el6.x86_64 (53 KB) 
A library which allows userspace access to USB devices 
Packages completed: 173 of 638 
Installing libgomp-4.4.7-11.el6.x86_64 (124 KB) 
GCC OpenMP v3.0 shared support library 
Packages completed: 174 of 638 
Installing libtar-1.2.11-17.el6_4.1.x86_64 (63 KB) 
Tar file manipulation API 
Packages completed: 175 of 638 
Installing libfontenc-1.0.5-2.el6.x86_64 (39 KB) 
X.Org X11 libfontenc runtime library 
Packages completed: 176 of 638 
Installing ncurses-5.7-3.20090208.el6.x86_64 (377 KB) 
Ncurses support utilities 
Packages completed: 177 of 638 
Installing groff-1.18.1.4-21.el6.x86_64 (5 MB) 
A document formatting system 
Packages completed: 178 of 638 
Installing less-436-13.el6.x86_64 (197 KB) 
A text file browser similar to more, but better 
Packages completed: 179 of 638 
Installing coreutils-libs-8.4-37.el6.x86_64 (5 KB) 
Libraries for coreutils 
Packages completed: 180 of 638 
Installing gzip-1.3.12-22.el6.x86_64 (220 KB) 
The GNU data compression program 
Packages completed: 181 of 638 
Installing cracklib-2.8.16-4.el6.x86_64 (182 KB) 
A password-checking library 
Packages completed: 182 of 638 
Installing cracklib-dicts-2.8.16-4.el6.x86_64 (8 MB) 
The standard CrackLib dictionaries 
Packages completed: 183 of 638 
Installing coreutils-8.4-37.el6.x86_64 (12 MB) 
A set of basic GNU tools commonly used in shell scripts 
Packages completed: 184 of 638 
Installing pam-1.1.1-20.el6.x86_64 (2 MB) 
An extensible library which provides authentication for applications 
Packages completed: 185 of 638 
Installing fontconfig-2.8.0-5.el6.x86_64 (440 KB) 
Font configuration and customization library 
Packages completed: 186 of 638 
Installing libXft-2.3.1-2.el6.x86_64 (115 KB) 
X.Org X11 libXft runtime library 
Packages completed: 187 of 638 
Installing alsa-lib-1.0.22-3.el6.x86_64 (1 MB) 
The Advanced Linux Sound Architecture (ALSA) library 
Packages completed: 188 of 638 
Installing module-init-tools-3.9-24.el6.x86_64 (1 MB) 
Kernel module management utilities. 
Packages completed: 189 of 638 
Installing hwdata-0.233-11.1.el6.noarch (4 MB) 
Hardware identification and configuration data 
Packages completed: 190 of 638 
Installing fontconfig-devel-2.8.0-5.el6.x86_64 (789 KB) 
Font configuration and customization library 
Packages completed: 191 of 638 
Installing libXft-devel-2.3.1-2.el6.x86_64 (23 KB) 
X.Org X11 libXft development package 
Packages completed: 192 of 638 
Installing jpackage-utils-1.7.5-3.12.el6.noarch (164 KB) 
JPackage utilities 
Packages completed: 193 of 638 
Installing qt3-3.3.8b-30.el6.x86_64 (11 MB) 
The shared library for the Qt 3 GUI toolkit 
Packages completed: 194 of 638 
Installing redhat-logos-60.0.14-1.el6.noarch (26 MB) 
Red Hat-related icons and pictures 
Packages completed: 195 of 638 
Installing plymouth-scripts-0.8.3-27.el6_5.1.x86_64 (10 KB) 
Plymouth related scripts 
Packages completed: 196 of 638 
Installing libedit-2.11-4.20080712cvs.1.el6.x86_64 (181 KB) 
The NetBSD Editline library 
Packages completed: 197 of 638 
Installing zip-3.0-1.el6.x86_64 (804 KB) 
A file compression and packaging utility compatible with PKZIP 
Packages completed: 198 of 638 
Installing pth-2.0.7-9.3.el6.x86_64 (255 KB) 
The GNU Portable Threads library 
Packages completed: 199 of 638 
Installing numactl-2.0.9-2.el6.x86_64 (171 KB) 
Library for tuning for Non Uniform Memory Access machines 
Packages completed: 200 of 638 
Installing libusb1-1.0.9-0.6.rc1.el6.x86_64 (201 KB) 
A library which allows userspace access to USB devices 
Packages completed: 201 of 638 
Installing dmidecode-2.12-5.el6_5.x86_64 (190 KB) 
Tool to analyse BIOS DMI data 
Packages completed: 202 of 638 
Installing pixman-0.32.4-4.el6.x86_64 (704 KB) 
Pixel manipulation library 
Packages completed: 203 of 638 
Installing cairo-1.8.8-3.1.el6.x86_64 (779 KB) 
A 2D graphics library 
Packages completed: 204 of 638 
Installing libffi-3.0.5-3.2.el6.x86_64 (41 KB) 
A portable foreign function interface library 
Packages completed: 205 of 638 
Installing openjpeg-libs-1.3-10.el6_5.x86_64 (123 KB) 
JPEG 2000 codec library 
Packages completed: 206 of 638 
Installing poppler-0.12.4-3.el6_0.1.x86_64 (1 MB) 
PDF rendering library 
Packages completed: 207 of 638 
Installing poppler-utils-0.12.4-3.el6_0.1.x86_64 (188 KB) 
Command line utilities for converting PDF files 
Packages completed: 208 of 638 
Installing pixman-devel-0.32.4-4.el6.x86_64 (45 KB) 
Pixel manipulation library development package 
Packages completed: 209 of 638 
Installing cairo-devel-1.8.8-3.1.el6.x86_64 (1 MB) 
Development files for cairo 
Packages completed: 210 of 638 
Installing pciutils-3.1.10-4.el6.x86_64 (179 KB) 
PCI bus related utilities 
Packages completed: 211 of 638 
Installing libpciaccess-0.13.3-0.1.el6.x86_64 (39 KB) 
PCI access library 
Packages completed: 212 of 638 
Installing openmotif-2.3.3-8.el6.x86_64 (3 MB) 
Open Motif runtime libraries and executables 
Packages completed: 213 of 638 
Installing urw-fonts-2.4-10.el6.noarch (4 MB) 
Free versions of the 35 standard PostScript fonts 
Packages completed: 214 of 638 
Installing at-3.1.10-43.el6_2.1.x86_64 (91 KB) 
Job spooling tools 
Packages completed: 215 of 638 
Installing cvs-1.11.23-16.el6.x86_64 (1 MB) 
A version control system 
Packages completed: 216 of 638 
Installing ConsoleKit-libs-0.4.1-3.el6.x86_64 (21 KB) 
ConsoleKit libraries 
Packages completed: 217 of 638 
Installing logrotate-3.7.8-17.el6.x86_64 (82 KB) 
Rotates, compresses, removes and mails system log files 
Packages completed: 218 of 638 
Installing rpcbind-0.2.0-11.el6.x86_64 (95 KB) 
Universal Addresses to RPC Program Number Mapper 
Packages completed: 219 of 638 
Installing hicolor-icon-theme-0.11-1.1.el6.noarch (44 KB) 
Basic requirement for icon themes 
Packages completed: 220 of 638 
Installing nss-3.16.1-14.el6.x86_64 (2 MB) 
Network Security Services 
Packages completed: 221 of 638 
Installing nss-sysinit-3.16.1-14.el6.x86_64 (32 KB) 
System NSS Initialization 
Packages completed: 222 of 638 
Installing mailx-12.4-7.el6.x86_64 (451 KB) 
Enhanced implementation of the mailx command 
Packages completed: 223 of 638 
Installing systemtap-runtime-2.5-5.el6.x86_64 (600 KB) 
Programmable system-wide instrumentation system - runtime 
Packages completed: 224 of 638 
Installing nss-tools-3.16.1-14.el6.x86_64 (1 MB) 
Tools for the Network Security Services 
Packages completed: 225 of 638 
Installing libXfont-1.4.5-3.el6_5.x86_64 (294 KB) 
X.Org X11 libXfont runtime library 
Packages completed: 226 of 638 
Installing xorg-x11-font-utils-7.2-11.el6.x86_64 (293 KB) 
X.Org X11 font utilities 
Packages completed: 227 of 638 
Installing ghostscript-fonts-5.50-23.2.el6.noarch (1 MB) 
Fonts for the Ghostscript PostScript interpreter 
Packages completed: 228 of 638 
Installing ghostscript-8.70-19.el6.x86_64 (19 MB) 
A PostScript interpreter and renderer 
Packages completed: 229 of 638 
Installing apr-util-1.3.9-3.el6_0.1.x86_64 (197 KB) 
Apache Portable Runtime Utility library 
Packages completed: 230 of 638 
Installing p11-kit-trust-0.18.5-2.el6_5.2.x86_64 (174 KB) 
System trust module from p11-kit 
Packages completed: 231 of 638 
Installing ca-certificates-2014.1.98-65.1.el6.noarch (2 MB) 
The Mozilla CA root certificate bundle 
Packages completed: 232 of 638 
Installing openssl-1.0.1e-30.el6.x86_64 (4 MB) 
A general purpose cryptography library with TLS implementation 
Packages completed: 233 of 638 
Installing python-2.6.6-52.el6.x86_64 (77 KB) 
An interpreted, interactive, object-oriented programming language 
Packages completed: 234 of 638 
Installing python-libs-2.6.6-52.el6.x86_64 (21 MB) 
Runtime libraries for Python 
Packages completed: 235 of 638 
Installing qt-4.6.2-28.el6_5.x86_64 (14 MB) 
Qt toolkit 
Packages completed: 236 of 638 
Installing libxml2-python-2.7.6-14.el6_5.2.x86_64 (1 MB) 
Python bindings for the libxml2 library 
Packages completed: 237 of 638 
Installing glib2-devel-2.28.8-4.el6.x86_64 (1 MB) 
A library of handy utility functions 
Packages completed: 238 of 638 
Installing python-dateutil-1.4.1-6.el6.noarch (342 KB) 
Powerful extensions to the standard datetime module 
Packages completed: 239 of 638 
Installing python-iniparse-0.3.1-2.1.el6.noarch (106 KB) 
Python Module for Accessing and Modifying Configuration Data in INI files 
Packages completed: 240 of 638 
Installing python-ethtool-0.6-5.el6.x86_64 (68 KB) 
Ethernet settings python bindings 
Packages completed: 241 of 638 
Installing m2crypto-0.20.2-9.el6.x86_64 (1 MB) 
Support for using OpenSSL in python scripts 
Packages completed: 242 of 638 
Installing gettext-0.17-18.el6.x86_64 (6 MB) 
GNU libraries and utilities for producing multi-lingual messages 
Packages completed: 243 of 638 
Installing dbus-python-0.83.0-6.1.el6.x86_64 (788 KB) 
D-Bus Python Bindings 
Packages completed: 244 of 638 
Installing python-dmidecode-3.10.13-3.el6_4.x86_64 (258 KB) 
Python module to access DMI data 
Packages completed: 245 of 638 
Installing yum-metadata-parser-1.1.2-16.el6.x86_64 (56 KB) 
A fast metadata parser for yum 
Packages completed: 246 of 638 
Installing pygobject2-2.20.0-5.el6.x86_64 (660 KB) 
Python bindings for GObject 
Packages completed: 247 of 638 
Installing libssh2-1.4.2-1.el6.x86_64 (317 KB) 
A library implementing the SSH2 protocol 
Packages completed: 248 of 638 
Installing python-gudev-147.1-4.el6_0.1.x86_64 (41 KB) 
Python (PyGObject) bindings to the GUDev library 
Packages completed: 249 of 638 
Installing atk-devel-1.30.0-1.el6.x86_64 (931 KB) 
Development files for the ATK accessibility toolkit 
Packages completed: 250 of 638 
Installing gdk-pixbuf2-devel-2.24.1-5.el6.x86_64 (752 KB) 
Development files for gdk-pixbuf 
Packages completed: 251 of 638 
Installing qt-sqlite-4.6.2-28.el6_5.x86_64 (48 KB) 
SQLite driver for Qt's SQL classes 
Packages completed: 252 of 638 
Installing pyOpenSSL-0.10-2.el6.x86_64 (991 KB) 
Python wrapper module around the OpenSSL library 
Packages completed: 253 of 638 
Installing rhnlib-2.5.22-15.el6.noarch (213 KB) 
Python libraries for the RHN project 
Packages completed: 254 of 638 
Installing gdb-7.2-75.el6.x86_64 (5 MB) 
A GNU source-level debugger for C, C++, Java and other languages 
Packages completed: 255 of 638 
Installing libproxy-bin-0.3.0-10.el6.x86_64 (6 KB) 
Binary to test libproxy 
Packages completed: 256 of 638 
Installing libproxy-0.3.0-10.el6.x86_64 (115 KB) 
A library handling all the details of proxy configuration 
Packages completed: 257 of 638 
Installing libproxy-python-0.3.0-10.el6.x86_64 (8 KB) 
Binding for libproxy and python 
Packages completed: 258 of 638 
Installing bind-libs-9.8.2-0.30.rc1.el6.x86_64 (2 MB) 
Libraries used by the BIND DNS packages 
Packages completed: 259 of 638 
Installing mysql-libs-5.1.73-3.el6_5.x86_64 (4 MB) 
The shared libraries required for MySQL clients 
Packages completed: 260 of 638 
Installing fipscheck-lib-1.2.0-7.el6.x86_64 (10 KB) 
Library files for fipscheck 
Packages completed: 261 of 638 
Installing fipscheck-1.2.0-7.el6.x86_64 (27 KB) 
A library for integrity verification of FIPS validated modules 
Packages completed: 262 of 638 
Installing cyrus-sasl-md5-2.1.23-15.el6.x86_64 (73 KB) 
CRAM-MD5 and DIGEST-MD5 authentication support for Cyrus SASL 
Packages completed: 263 of 638 
Installing perl-IO-Compress-Zlib-2.021-136.el6.x86_64 (363 KB) 
Perl interface to allow reading and writing of gzip and zip data 
Packages completed: 264 of 638 
Installing perl-Compress-Zlib-2.021-136.el6.x86_64 (51 KB) 
A module providing Perl interfaces to the zlib compression library 
Packages completed: 265 of 638 
Installing libXmu-devel-1.1.1-2.el6.x86_64 (66 KB) 
X.Org X11 libXmu development package 
Packages completed: 266 of 638 
Installing libXcomposite-devel-0.4.3-4.el6.x86_64 (7 KB) 
Development files for libXcomposite 
Packages completed: 267 of 638 
Installing libXdamage-devel-1.1.3-4.el6.x86_64 (2 KB) 
Development files for libXdamage 
Packages completed: 268 of 638 
Installing libXxf86vm-devel-1.1.3-2.1.el6.x86_64 (11 KB) 
X.Org X11 libXxf86vm development package 
Packages completed: 269 of 638 
Installing libXp-devel-1.0.2-2.1.el6.x86_64 (39 KB) 
X.Org X11 libXp development package 
Packages completed: 270 of 638 
Installing openmotif-devel-2.3.3-8.el6.x86_64 (7 MB) 
Open Motif development libraries and header files 
Packages completed: 271 of 638 
Installing libXv-1.0.9-2.1.el6.x86_64 (21 KB) 
X.Org X11 libXv runtime library 
Packages completed: 272 of 638 
Installing giflib-4.1.6-3.1.el6.x86_64 (80 KB) 
Library for manipulating GIF format image files 
Packages completed: 273 of 638 
Installing perl-YAML-Syck-1.07-4.el6.x86_64 (174 KB) 
Fast, lightweight YAML loader and dumper 
Packages completed: 274 of 638 
Installing perl-CGI-3.51-136.el6.x86_64 (434 KB) 
Handle Common Gateway Interface requests and responses 
Packages completed: 275 of 638 
Installing perl-HTML-Tagset-3.20-4.el6.noarch (19 KB) 
HTML::Tagset - data tables useful in parsing HTML 
Packages completed: 276 of 638 
Installing perl-HTML-Parser-3.64-2.el6.x86_64 (221 KB) 
Perl module for parsing HTML 
Packages completed: 277 of 638 
Installing perl-libwww-perl-5.833-2.el6.noarch (875 KB) 
A Perl interface to the World-Wide Web 
Packages completed: 278 of 638 
Installing perl-XML-Parser-2.36-7.el6.x86_64 (637 KB) 
Perl module for parsing XML files 
Packages completed: 279 of 638 
Installing gdbm-devel-1.8.0-36.el6.x86_64 (21 KB) 
Development libraries and header files for the gdbm library 
Packages completed: 280 of 638 
Installing libmng-devel-1.0.10-4.1.el6.x86_64 (335 KB) 
Development files for the Multiple-image Network Graphics library 
Packages completed: 281 of 638 
Installing tmpwatch-2.9.16-4.el6.x86_64 (40 KB) 
A utility for removing files based on when they were last accessed 
Packages completed: 282 of 638 
Installing cpp-4.4.7-11.el6.x86_64 (9 MB) 
The C Preprocessor 
Packages completed: 283 of 638 
Installing gnutls-utils-2.8.5-14.el6_5.x86_64 (301 KB) 
Command line tools for TLS protocol 
Packages completed: 284 of 638 
Installing gstreamer-tools-0.10.29-1.el6.x86_64 (67 KB) 
common tools and files for GStreamer streaming media framework 
Packages completed: 285 of 638 
Installing gstreamer-0.10.29-1.el6.x86_64 (2 MB) 
GStreamer streaming media framework runtime 
Packages completed: 286 of 638 
Installing libtheora-1.1.0-2.el6.x86_64 (456 KB) 
Theora Video Compression Codec 
Packages completed: 287 of 638 
Installing flac-1.2.1-6.1.el6.x86_64 (705 KB) 
An encoder/decoder for the Free Lossless Audio Codec 
Packages completed: 288 of 638 
Installing libsndfile-1.0.20-5.el6.x86_64 (752 KB) 
Library for reading and writing sound files 
Packages completed: 289 of 638 
Installing iw-3.10-1.1.el6.x86_64 (129 KB) 
A nl80211 based wireless configuration tool 
Packages completed: 290 of 638 
Installing keyutils-libs-devel-1.4-5.el6.x86_64 (21 KB) 
Development package for building Linux key management utilities 
Packages completed: 291 of 638 
Installing keyutils-1.4-5.el6.x86_64 (69 KB) 
Linux Key Management Utilities 
Packages completed: 292 of 638 
Installing libxslt-1.1.26-2.el6_3.1.x86_64 (2 MB) 
Library providing the Gnome XSLT engine 
Packages completed: 293 of 638 
Installing python-lxml-2.2.3-1.1.el6.x86_64 (21 MB) 
ElementTree-like Python bindings for libxml2 and libxslt 
Packages completed: 294 of 638 
Installing hal-libs-0.5.14-14.el6.x86_64 (105 KB) 
Libraries for accessing HAL 
Packages completed: 295 of 638 
Installing eggdbus-0.6-3.el6.x86_64 (313 KB) 
Experimental D-Bus bindings for GObject 
Packages completed: 296 of 638 
Installing polkit-0.96-7.el6.x86_64 (631 KB) 
PolicyKit Authorization Framework 
Packages completed: 297 of 638 
Installing ConsoleKit-0.4.1-3.el6.x86_64 (262 KB) 
System daemon for tracking users, sessions and seats 
Packages completed: 298 of 638 
Installing libfprint-0.1.0-19.pre2.el6.x86_64 (260 KB) 
Tool kit for fingerprint scanner 
Packages completed: 299 of 638 
Installing fprintd-0.1-21.git04fd09cfa.el6.x86_64 (105 KB) 
D-Bus service for Fingerprint reader access 
Packages completed: 300 of 638 
Installing grubby-7.0.15-7.el6.x86_64 (82 KB) 
Command line tool for updating bootloader configs 
Packages completed: 301 of 638 
Installing tcp_wrappers-7.6-57.el6.x86_64 (146 KB) 
A security tool which acts as a wrapper for TCP daemons 
Packages completed: 302 of 638 
Installing ppl-0.10.2-11.el6.x86_64 (4 MB) 
The Parma Polyhedra Library: a library of numerical abstractions 
Packages completed: 303 of 638 
Installing cloog-ppl-0.15.7-1.2.el6.x86_64 (181 KB) 
Parma Polyhedra Library backend (ppl) based version of the Cloog binaries 
Packages completed: 304 of 638 
Installing kernel-devel-2.6.32-504.el6.x86_64 (24 MB) 
Development package for building kernel modules to match the kernel 
Packages completed: 305 of 638 
Installing libutempter-1.1.5-4.1.el6.x86_64 (39 KB) 
A privileged helper for utmp/wtmp updates 
Packages completed: 306 of 638 
Installing MAKEDEV-3.24-6.el6.x86_64 (221 KB) 
A program used for creating device files in /dev 
Packages completed: 307 of 638 
Installing nc-1.84-22.el6.x86_64 (108 KB) 
Reads and writes data across network connections using TCP or UDP 
Packages completed: 308 of 638 
Installing desktop-file-utils-0.15-9.el6.x86_64 (140 KB) 
Utilities for manipulating .desktop files 
Packages completed: 309 of 638 
Installing xdg-utils-1.0.2-17.20091016cvs.el6.noarch (207 KB) 
Basic desktop integration functions 
Packages completed: 310 of 638 
Installing libsepol-devel-2.0.41-4.el6.x86_64 (103 KB) 
Header files and libraries used to build policy manipulation tools 
Packages completed: 311 of 638 
Installing libselinux-devel-2.0.94-5.8.el6.x86_64 (158 KB) 
Header files and libraries used to build SELinux 
Packages completed: 312 of 638 
Installing rsync-3.0.6-12.el6.x86_64 (682 KB) 
A program for synchronizing files over a network 
Packages completed: 313 of 638 
Installing device-mapper-persistent-data-0.3.2-1.el6.x86_64 (16 MB) 
Device-mapper thin provisioning tools 
Packages completed: 314 of 638 
Installing pinentry-0.7.6-6.el6.x86_64 (140 KB) 
Collection of simple PIN or passphrase entry dialogs 
Packages completed: 315 of 638 
Installing portreserve-0.0.4-9.el6.x86_64 (34 KB) 
TCP port reservation utility 
Packages completed: 316 of 638 
Installing db4-utils-4.7.25-18.el6_4.x86_64 (405 KB) 
Command line tools for managing Berkeley DB (version 4) databases 
Packages completed: 317 of 638 
Installing libcurl-7.19.7-37.el6_5.3.x86_64 (335 KB) 
A library for getting files from web servers 
Packages completed: 318 of 638 
Installing rpm-libs-4.8.0-37.el6.x86_64 (754 KB) 
Libraries for manipulating RPM packages 
Packages completed: 319 of 638 
Installing curl-7.19.7-37.el6_5.3.x86_64 (347 KB) 
A utility for getting files from remote servers (FTP, HTTP, and others) 
Packages completed: 320 of 638 
Installing rpm-4.8.0-37.el6.x86_64 (1 MB) 
The RPM package management system 
Packages completed: 321 of 638 
Installing openldap-2.4.39-8.el6.x86_64 (823 KB) 
LDAP support libraries 
Packages completed: 322 of 638 
Installing rpm-python-4.8.0-37.el6.x86_64 (118 KB) 
Python bindings for apps which will manipulate RPM packages 
Packages completed: 323 of 638 
Installing xmlrpc-c-client-1.16.24-1210.1840.el6.x86_64 (43 KB) 
C client libraries for xmlrpc-c 
Packages completed: 324 of 638 
Installing libreport-plugin-rhtsupport-2.0.9-21.el6.x86_64 (73 KB) 
libreport's RHTSupport plugin 
Packages completed: 325 of 638 
Installing libreport-compat-2.0.9-21.el6.x86_64 (7 KB) 
libreport's compat layer for obsoleted 'report' package 
Packages completed: 326 of 638 
Installing libreport-python-2.0.9-21.el6.x86_64 (72 KB) 
Python bindings for report-libs 
Packages completed: 327 of 638 
Installing libreport-2.0.9-21.el6.x86_64 (1 MB) 
Generic library for reporting various problems 
Packages completed: 328 of 638 
Installing libreport-plugin-reportuploader-2.0.9-21.el6.x86_64 (32 KB) 
libreport's reportuploader plugin 
Packages completed: 329 of 638 
Installing abrt-libs-2.0.8-26.el6.x86_64 (24 KB) 
Libraries for abrt 
Packages completed: 330 of 638 
Installing libreport-plugin-mailx-2.0.9-21.el6.x86_64 (32 KB) 
libreport's mailx reporter plugin 
Packages completed: 331 of 638 
Installing abrt-2.0.8-26.el6.x86_64 (708 KB) 
Automatic bug detection and reporting tool 
Packages completed: 332 of 638 
Installing gnupg2-2.0.14-8.el6.x86_64 (5 MB) 
Utility for secure communication and data storage 
Packages completed: 333 of 638 
Installing libuser-0.56.13-5.el6.x86_64 (1 MB) 
A user and group account administration library 
Packages completed: 334 of 638 
Installing passwd-0.77-4.el6_2.2.x86_64 (349 KB) 
An utility for setting or changing passwords using PAM 
Packages completed: 335 of 638 
Installing man-1.6f-32.el6.x86_64 (389 KB) 
A set of documentation tools: man, apropos and whatis 
Packages completed: 336 of 638 
Installing gpgme-1.1.8-3.el6.x86_64 (712 KB) 
GnuPG Made Easy - high level crypto API 
Packages completed: 337 of 638 
Installing pygpgme-0.1-18.20090824bzr68.el6.x86_64 (245 KB) 
Python module for working with OpenPGP messages 
Packages completed: 338 of 638 
Installing abrt-addon-ccpp-2.0.8-26.el6.x86_64 (193 KB) 
abrt's C/C++ addon 
Packages completed: 339 of 638 
Installing abrt-addon-python-2.0.8-26.el6.x86_64 (20 KB) 
abrt's addon for catching and analyzing Python exceptions 
Packages completed: 340 of 638 
Installing abrt-tui-2.0.8-26.el6.x86_64 (15 KB) 
abrt's command line interface 
Packages completed: 341 of 638 
Installing libreport-plugin-kerneloops-2.0.9-21.el6.x86_64 (18 KB) 
libreport's kerneloops reporter plugin 
Packages completed: 342 of 638 
Installing abrt-addon-kerneloops-2.0.8-26.el6.x86_64 (26 KB) 
abrt's kerneloops addon 
Packages completed: 343 of 638 
Installing libreport-cli-2.0.9-21.el6.x86_64 (25 KB) 
libreport's command line interface 
Packages completed: 344 of 638 
Installing libreport-plugin-logger-2.0.9-21.el6.x86_64 (22 KB) 
libreport's logger reporter plugin 
Packages completed: 345 of 638 
Installing sos-2.2-68.el6.noarch (762 KB) 
A set of tools to gather troubleshooting information from a system 
Packages completed: 346 of 638 
Installing redhat-support-lib-python-0.9.6-1.el6.noarch (1 MB) 
Red Hat Support Software Development Library 
Packages completed: 347 of 638 
Installing python-rhsm-1.12.5-2.el6.x86_64 (331 KB) 
A Python library to communicate with a Red Hat Unified Entitlement Platform 
Packages completed: 348 of 638 
Installing deltarpm-3.5-0.5.20090913git.el6.x86_64 (188 KB) 
Create deltas between rpms 
Packages completed: 349 of 638 
Installing python-deltarpm-3.5-0.5.20090913git.el6.x86_64 (41 KB) 
Python bindings for deltarpm 
Packages completed: 350 of 638 
Installing python-pycurl-7.19.0-8.el6.x86_64 (231 KB) 
A Python interface to libcurl 
Packages completed: 351 of 638 
Installing python-urlgrabber-3.9.1-9.el6.noarch (314 KB) 
A high-level cross-protocol url-grabber 
Packages completed: 352 of 638 
Installing yum-3.2.29-60.el6.noarch (4 MB) 
RPM package installer/updater/manager 
Packages completed: 353 of 638 
Installing ttmkfdir-3.0.9-32.1.el6.x86_64 (99 KB) 
Utility to create fonts.scale files for truetype fonts 
Packages completed: 354 of 638 
Installing xorg-x11-fonts-Type1-7.2-9.1.el6.noarch (863 KB) 
Type1 fonts provided by the X Window System 
Packages completed: 355 of 638 
Installing libss-1.41.12-21.el6.x86_64 (70 KB) 
Command line interface parsing library 
Packages completed: 356 of 638 
Installing e2fsprogs-1.41.12-21.el6.x86_64 (1 MB) 
Utilities for managing ext2, ext3, and ext4 filesystems 
Packages completed: 357 of 638 
Installing libcom_err-devel-1.41.12-21.el6.x86_64 (33 KB) 
Common error description library 
Packages completed: 358 of 638 
Installing krb5-devel-1.10.3-33.el6.x86_64 (2 MB) 
Development files needed to compile Kerberos 5 programs 
Packages completed: 359 of 638 
Installing libnih-1.0.1-7.el6.x86_64 (475 KB) 
Lightweight application development library 
Packages completed: 360 of 638 
Installing upstart-0.6.5-13.el6_5.3.x86_64 (550 KB) 
An event-driven init system 
Packages completed: 361 of 638 
Installing hunspell-1.2.8-16.el6.x86_64 (418 KB) 
A spell checker and morphological analyzer library 
Packages completed: 362 of 638 
Installing libstdc++-devel-4.4.7-11.el6.x86_64 (9 MB) 
Header files and libraries for C++ development 
Packages completed: 363 of 638 
Installing db4-cxx-4.7.25-18.el6_4.x86_64 (1 MB) 
The Berkeley DB database library (version 4) for C++ 
Packages completed: 364 of 638 
Installing db4-devel-4.7.25-18.el6_4.x86_64 (24 MB) 
C development files for the Berkeley DB (version 4) library 
Packages completed: 365 of 638 
Installing snappy-1.1.0-1.el6.x86_64 (112 KB) 
Fast compression and decompression library 
Packages completed: 366 of 638 
Installing gettext-libs-0.17-18.el6.x86_64 (272 KB) 
Libraries for gettext 
Packages completed: 367 of 638 
Installing mesa-private-llvm-3.4-3.el6.x86_64 (18 MB) 
llvm engine for Mesa 
Packages completed: 368 of 638 
Installing ed-1.1-3.3.el6.x86_64 (117 KB) 
The GNU line editor 
Packages completed: 369 of 638 
Installing time-1.7-37.1.el6.x86_64 (38 KB) 
A GNU utility for monitoring a program's use of system resources 
Packages completed: 370 of 638 
Installing procmail-3.22-25.1.el6_5.1.x86_64 (327 KB) 
Mail processing program 
Packages completed: 371 of 638 
Installing glibc-headers-2.12-1.149.el6.x86_64 (2 MB) 
Header files for development using standard C libraries. 
Packages completed: 372 of 638 
Installing glibc-devel-2.12-1.149.el6.x86_64 (967 KB) 
Object files for development using standard C libraries. 
Packages completed: 373 of 638 
Installing gcc-4.4.7-11.el6.x86_64 (18 MB) 
Various compilers (C, C++, Objective-C, Java, ...) 
Packages completed: 374 of 638 
Installing perl-ExtUtils-MakeMaker-6.55-136.el6.x86_64 (607 KB) 
Create a module Makefile 
Packages completed: 375 of 638 
Installing perl-Test-Harness-3.17-136.el6.x86_64 (399 KB) 
Run Perl standard test scripts with statistics 
Packages completed: 376 of 638 
Installing perl-ExtUtils-ParseXS-2.2003.0-136.el6.x86_64 (60 KB) 
Module and a script for converting Perl XS code into C code 
Packages completed: 377 of 638 
Installing perl-devel-5.10.1-136.el6.x86_64 (1 MB) 
Header files for use in perl development 
Packages completed: 378 of 638 
Installing perl-Test-Simple-0.92-136.el6.x86_64 (184 KB) 
Basic utilities for writing tests 
Packages completed: 379 of 638 
Installing systemtap-devel-2.5-5.el6.x86_64 (5 MB) 
Programmable system-wide instrumentation system - development headers, tools 
Packages completed: 380 of 638 
Installing vim-common-7.2.411-1.8.el6.x86_64 (16 MB) 
The common files needed by any version of the VIM editor 
Packages completed: 381 of 638 
Installing dash-0.5.5.1-4.el6.x86_64 (124 KB) 
Small and fast POSIX-compliant shell 
Packages completed: 382 of 638 
Installing cdparanoia-libs-10.2-5.1.el6.x86_64 (132 KB) 
Libraries for libcdda_paranoia (Paranoia III). 
Packages completed: 383 of 638 
Installing libaio-0.3.107-10.el6.x86_64 (33 KB) 
Linux-native asynchronous I/O access library 
Packages completed: 384 of 638 
Installing ethtool-3.5-5.el6.x86_64 (273 KB) 
Ethernet settings tool for PCI ethernet cards 
Packages completed: 385 of 638 
Installing tcl-8.5.7-6.el6.x86_64 (4 MB) 
Tool Command Language, pronounced tickle 
Packages completed: 386 of 638 
Installing libgfortran-4.4.7-11.el6.x86_64 (964 KB) 
Fortran runtime 
Packages completed: 387 of 638 
Installing mingetty-1.08-5.el6.x86_64 (33 KB) 
A compact getty program for virtual consoles only 
Packages completed: 388 of 638 
Installing lzo-2.03-3.1.el6_5.1.x86_64 (159 KB) 
Data compression library with very fast (de)compression 
Packages completed: 389 of 638 
Installing sg3_utils-libs-1.28-6.el6.x86_64 (153 KB) 
Shared library for sg3_utils 
Packages completed: 390 of 638 
Installing libevent-1.4.13-4.el6.x86_64 (227 KB) 
Abstract asynchronous event notification library 
Packages completed: 391 of 638 
Installing plymouth-core-libs-0.8.3-27.el6_5.1.x86_64 (173 KB) 
Plymouth libraries 
Packages completed: 392 of 638 
Installing hdparm-9.43-4.el6.x86_64 (149 KB) 
A utility for displaying and/or setting hard disk parameters 
Packages completed: 393 of 638 
Installing hesiod-3.1.0-19.el6.x86_64 (21 KB) 
Shared libraries for querying the Hesiod naming service 
Packages completed: 394 of 638 
Installing libpcap-1.4.0-1.20130826git2dbcaa1.el6.x86_64 (307 KB) 
A system-independent interface for user-level packet capture 
Packages completed: 395 of 638 
Installing gpm-libs-1.20.6-12.el6.x86_64 (23 KB) 
Dynamic library for for the gpm 
Packages completed: 396 of 638 
Installing sgpio-1.2.0.10-5.el6.x86_64 (33 KB) 
SGPIO captive backplane tool 
Packages completed: 397 of 638 
Installing ustr-1.0.4-9.1.el6.x86_64 (267 KB) 
String library, very low memory overhead, simple to import 
Packages completed: 398 of 638 
Installing libsemanage-2.0.43-4.2.el6.x86_64 (199 KB) 
SELinux binary policy manipulation library 
Packages completed: 399 of 638 
Installing yajl-1.0.7-3.el6.x86_64 (89 KB) 
Yet Another JSON Library (YAJL) 
Packages completed: 400 of 638 
Installing pakchois-0.4-3.2.el6.x86_64 (48 KB) 
A wrapper library for PKCS#11 
Packages completed: 401 of 638 
Installing neon-0.29.3-3.el6_4.x86_64 (290 KB) 
An HTTP and WebDAV client library 
Packages completed: 402 of 638 
Installing slang-2.2.1-1.el6.x86_64 (1 MB) 
The shared library for the S-Lang extension language 
Packages completed: 403 of 638 
Installing newt-0.52.11-3.el6.x86_64 (169 KB) 
A library for text mode user interfaces 
Packages completed: 404 of 638 
Installing newt-python-0.52.11-3.el6.x86_64 (108 KB) 
Python bindings for newt 
Packages completed: 405 of 638 
Installing rhn-client-tools-1.0.0.1-18.el6.noarch (3 MB) 
Support programs and libraries for Red Hat Network or Spacewalk 
Packages completed: 406 of 638 
Installing libthai-0.1.12-3.el6.x86_64 (678 KB) 
Thai language support routines 
Packages completed: 407 of 638 
Installing pango-1.28.1-10.el6.x86_64 (1017 KB) 
System for layout and rendering of internationalized text 
Packages completed: 408 of 638 
Installing gtk2-2.24.23-6.el6.x86_64 (11 MB) 
The GIMP ToolKit (GTK+), a library for creating GUIs for X 
Packages completed: 409 of 638 
Installing pango-devel-1.28.1-10.el6.x86_64 (2 MB) 
Development files for pango 
Packages completed: 410 of 638 
Installing pax-3.4-10.1.el6.x86_64 (134 KB) 
POSIX File System Archiver 
Packages completed: 411 of 638 
Installing liboil-0.3.16-4.1.el6.x86_64 (580 KB) 
Library of Optimized Inner Loops, CPU optimized functions 
Packages completed: 412 of 638 
Installing libvisual-0.4.0-10.el6.x86_64 (404 KB) 
Abstraction library for audio visualisation plugins 
Packages completed: 413 of 638 
Installing gstreamer-plugins-base-0.10.29-2.el6.x86_64 (3 MB) 
GStreamer streaming media framework base plug-ins 
Packages completed: 414 of 638 
Installing libart_lgpl-2.3.20-5.1.el6.x86_64 (126 KB) 
Library of graphics routines used by libgnomecanvas 
Packages completed: 415 of 638 
Installing libgcj-4.4.7-11.el6.x86_64 (61 MB) 
Java runtime library for gcc 
Packages completed: 416 of 638 
Installing gettext-devel-0.17-18.el6.x86_64 (620 KB) 
Development files for gettext 
Packages completed: 417 of 638 
Installing libasyncns-0.8-1.1.el6.x86_64 (51 KB) 
Asynchronous Name Service Library 
Packages completed: 418 of 638 
Installing pulseaudio-libs-0.9.21-17.el6.x86_64 (2 MB) 
Libraries for PulseAudio clients 
Packages completed: 419 of 638 
Installing java-1.7.0-openjdk-1.7.0.65-2.5.1.2.el6_5.x86_64 (90 MB) 
OpenJDK Runtime Environment 
Packages completed: 420 of 638 
Installing jna-3.2.4-2.el6.x86_64 (298 KB) 
Pure Java access to native libraries 
Packages completed: 421 of 638 
Installing nss-softokn-freebl-devel-3.14.3-17.el6.x86_64 (117 KB) 
Header and Library files for doing development with the Freebl library for NSS 
Packages completed: 422 of 638 
Installing nss-softokn-devel-3.14.3-17.el6.x86_64 (8 KB) 
Development libraries for Network Security Services 
Packages completed: 423 of 638 
Installing kbd-misc-1.15-11.el6.noarch (1 MB) 
Data for kbd package 
Packages completed: 424 of 638 
Installing redhat-release-server-6Server-6.6.0.2.el6.x86_64 (118 KB) 
Red Hat Enterprise Linux Server release file 
Packages completed: 425 of 638 
Installing policycoreutils-2.0.83-19.47.el6.x86_64 (3 MB) 
SELinux policy core utilities 
Packages completed: 426 of 638 
Installing iptables-1.4.7-14.el6.x86_64 (835 KB) 
Tools for managing Linux kernel packet filtering capabilities 
Packages completed: 427 of 638 
Installing iproute-2.6.32-32.el6_5.x86_64 (927 KB) 
Advanced IP routing and network device configuration tools 
Packages completed: 428 of 638 
Installing iputils-20071127-17.el6_4.2.x86_64 (292 KB) 
Network monitoring tools including ping 
Packages completed: 429 of 638 
Installing util-linux-ng-2.17.2-12.18.el6.x86_64 (5 MB) 
A collection of basic system utilities 
Packages completed: 430 of 638 
Installing initscripts-9.03.46-1.el6.x86_64 (5 MB) 
The inittab file and the /etc/init.d scripts 
Packages completed: 431 of 638 
Installing udev-147-2.57.el6.x86_64 (1 MB) 
A userspace implementation of devfs 
Packages completed: 432 of 638 
Installing libdrm-2.4.52-4.el6.x86_64 (269 KB) 
Direct Rendering Manager runtime library 
Packages completed: 433 of 638 
Installing mesa-libGL-10.1.2-2.el6.x86_64 (394 KB) 
Mesa libGL runtime libraries and DRI drivers 
Packages completed: 434 of 638 
Installing mesa-dri1-drivers-7.11-8.el6.x86_64 (13 MB) 
Mesa graphics libraries 
Packages completed: 435 of 638 
Installing mesa-dri-drivers-10.1.2-2.el6.x86_64 (40 MB) 
Mesa-based DRI drivers 
Packages completed: 436 of 638 
Installing mesa-libGLU-10.1.2-2.el6.x86_64 (510 KB) 
Mesa libGLU runtime library 
Packages completed: 437 of 638 
Installing cyrus-sasl-2.1.23-15.el6.x86_64 (129 KB) 
The Cyrus SASL library 
Packages completed: 438 of 638 
Installing usermode-1.102-3.el6.x86_64 (779 KB) 
Tools for certain user account management tasks 
Packages completed: 439 of 638 
Installing qt-x11-4.6.2-28.el6_5.x86_64 (29 MB) 
Qt GUI-related libraries 
Packages completed: 440 of 638 
Installing phonon-backend-gstreamer-4.6.2-28.el6_5.x86_64 (241 KB) 
Gstreamer phonon backend 
Packages completed: 441 of 638 
Installing device-mapper-libs-1.02.90-2.el6.x86_64 (280 KB) 
Device-mapper shared library 
Packages completed: 442 of 638 
Installing device-mapper-1.02.90-2.el6.x86_64 (185 KB) 
Device mapper utility 
Packages completed: 443 of 638 
Installing device-mapper-event-libs-1.02.90-2.el6.x86_64 (22 KB) 
Device-mapper event daemon shared library 
Packages completed: 444 of 638 
Installing cups-1.4.2-67.el6.x86_64 (10 MB) 
Common Unix Printing System 
Packages completed: 445 of 638 
Installing device-mapper-event-1.02.90-2.el6.x86_64 (34 KB) 
Device-mapper event daemon 
Packages completed: 446 of 638 
Installing kpartx-0.4.9-80.el6.x86_64 (32 KB) 
Partition device manager for device-mapper devices 
Packages completed: 447 of 638 
Installing sendmail-8.14.4-8.el6.x86_64 (1 MB) 
A widely used Mail Transport Agent (MTA) 
Packages completed: 448 of 638 
Installing kbd-1.15-11.el6.x86_64 (968 KB) 
Tools for configuring the console (keyboard, virtual terminals, etc.) 
Packages completed: 449 of 638 
Installing openssh-5.3p1-104.el6.x86_64 (767 KB) 
An open source implementation of SSH protocol versions 1 and 2 
Packages completed: 450 of 638 
Installing openssh-clients-5.3p1-104.el6.x86_64 (1 MB) 
An open source SSH client applications 
Packages completed: 451 of 638 
Installing perl-Git-1.7.1-3.el6_4.1.noarch (35 KB) 
Perl interface to Git 
Packages completed: 452 of 638 
Installing git-1.7.1-3.el6_4.1.x86_64 (14 MB) 
Fast Version Control System 
Packages completed: 453 of 638 
Installing systemtap-client-2.5-5.el6.x86_64 (10 MB) 
Programmable system-wide instrumentation system - client 
Packages completed: 454 of 638 
Installing dmraid-1.0.0.rc16-11.el6.x86_64 (330 KB) 
dmraid (Device-mapper RAID tool and library) 
Packages completed: 455 of 638 
Installing dmraid-events-1.0.0.rc16-11.el6.x86_64 (8 KB) 
dmevent_tool (Device-mapper event tool) and DSO 
Packages completed: 456 of 638 
Installing lvm2-libs-2.02.111-2.el6.x86_64 (2 MB) 
Shared libraries for lvm2 
Packages completed: 457 of 638 
Installing foomatic-db-ppds-4.0-7.20091126.el6.noarch (23 MB) 
PPDs from printer manufacturers 
Packages completed: 458 of 638 
Installing foomatic-db-4.0-7.20091126.el6.noarch (8 MB) 
Database of printers and printer drivers 
Packages completed: 459 of 638 
Installing foomatic-4.0.4-3.el6.x86_64 (743 KB) 
Database of printers and printer drivers 
Packages completed: 460 of 638 
Installing cryptsetup-luks-libs-1.2.0-11.el6.x86_64 (92 KB) 
Cryptsetup shared library 
Packages completed: 461 of 638 
Installing cryptsetup-luks-1.2.0-11.el6.x86_64 (299 KB) 
A utility for setting up encrypted filesystems 
Packages completed: 462 of 638 
Installing pm-utils-1.2.5-11.el6.x86_64 (254 KB) 
Power management utilities and scripts 
